This is pdfTeX, Version 3.141592653-2.6-1.40.25 (MiKTeX 23.5) (preloaded format=pdflatex 2023.5.15)  13 JUN 2025 20:08
entering extended mode
 restricted \write18 enabled.
 %&-line parsing enabled.
**./TC_tema_2.tex
(TC_tema_2.tex
LaTeX2e <2022-11-01> patch level 1
L3 programming layer <2023-05-11>
(C:\Program Files\MiKTeX\tex/latex/beamer\beamer.cls
Document Class: beamer 2023/05/15 v3.70 A class for typesetting presentations
(C:\Program Files\MiKTeX\tex/latex/beamer\beamerbasemodes.sty
(C:\Program Files\MiKTeX\tex/latex/etoolbox\etoolbox.sty
Package: etoolbox 2020/10/05 v2.5k e-TeX tools for LaTeX (JAW)
\etb@tempcnta=\count185
)
\beamer@tempbox=\box51
\beamer@tempcount=\count186
\c@beamerpauses=\count187

(C:\Program Files\MiKTeX\tex/latex/beamer\beamerbasedecode.sty
\beamer@slideinframe=\count188
\beamer@minimum=\count189
\beamer@decode@box=\box52
)
\beamer@commentbox=\box53
\beamer@modecount=\count190
)
(C:\Program Files\MiKTeX\tex/generic/iftex\iftex.sty
Package: iftex 2022/02/03 v1.0f TeX engine tests
)
\headdp=\dimen140
\footheight=\dimen141
\sidebarheight=\dimen142
\beamer@tempdim=\dimen143
\beamer@finalheight=\dimen144
\beamer@animht=\dimen145
\beamer@animdp=\dimen146
\beamer@animwd=\dimen147
\beamer@leftmargin=\dimen148
\beamer@rightmargin=\dimen149
\beamer@leftsidebar=\dimen150
\beamer@rightsidebar=\dimen151
\beamer@boxsize=\dimen152
\beamer@vboxoffset=\dimen153
\beamer@descdefault=\dimen154
\beamer@descriptionwidth=\dimen155
\beamer@lastskip=\skip48
\beamer@areabox=\box54
\beamer@animcurrent=\box55
\beamer@animshowbox=\box56
\beamer@sectionbox=\box57
\beamer@logobox=\box58
\beamer@linebox=\box59
\beamer@sectioncount=\count191
\beamer@subsubsectionmax=\count192
\beamer@subsectionmax=\count193
\beamer@sectionmax=\count194
\beamer@totalheads=\count195
\beamer@headcounter=\count196
\beamer@partstartpage=\count197
\beamer@sectionstartpage=\count198
\beamer@subsectionstartpage=\count199
\beamer@animationtempa=\count266
\beamer@animationtempb=\count267
\beamer@xpos=\count268
\beamer@ypos=\count269
\beamer@ypos@offset=\count270
\beamer@showpartnumber=\count271
\beamer@currentsubsection=\count272
\beamer@coveringdepth=\count273
\beamer@sectionadjust=\count274
\beamer@toclastsection=\count275
\beamer@tocsectionnumber=\count276

(C:\Program Files\MiKTeX\tex/latex/beamer\beamerbaseoptions.sty
(C:\Program Files\MiKTeX\tex/latex/graphics\keyval.sty
Package: keyval 2022/05/29 v1.15 key=value parser (DPC)
\KV@toks@=\toks16
))
\beamer@paperwidth=\skip49
\beamer@paperheight=\skip50

(C:\Program Files\MiKTeX\tex/latex/geometry\geometry.sty
Package: geometry 2020/01/02 v5.9 Page Geometry

(C:\Program Files\MiKTeX\tex/generic/iftex\ifvtex.sty
Package: ifvtex 2019/10/25 v1.7 ifvtex legacy package. Use iftex instead.
)
\Gm@cnth=\count277
\Gm@cntv=\count278
\c@Gm@tempcnt=\count279
\Gm@bindingoffset=\dimen156
\Gm@wd@mp=\dimen157
\Gm@odd@mp=\dimen158
\Gm@even@mp=\dimen159
\Gm@layoutwidth=\dimen160
\Gm@layoutheight=\dimen161
\Gm@layouthoffset=\dimen162
\Gm@layoutvoffset=\dimen163
\Gm@dimlist=\toks17

(C:\Program Files\MiKTeX\tex/latex/geometry\geometry.cfg))
(C:\Program Files\MiKTeX\tex/latex/pgf/math\pgfmath.sty
(C:\Program Files\MiKTeX\tex/latex/pgf/utilities\pgfrcs.sty
(C:\Program Files\MiKTeX\tex/generic/pgf/utilities\pgfutil-common.tex
\pgfutil@everybye=\toks18
\pgfutil@tempdima=\dimen164
\pgfutil@tempdimb=\dimen165
)
(C:\Program Files\MiKTeX\tex/generic/pgf/utilities\pgfutil-latex.def
\pgfutil@abb=\box60
)
(C:\Program Files\MiKTeX\tex/generic/pgf/utilities\pgfrcs.code.tex
(C:\Program Files\MiKTeX\tex/generic/pgf\pgf.revision.tex)
Package: pgfrcs 2023-01-15 v3.1.10 (3.1.10)
))
(C:\Program Files\MiKTeX\tex/latex/pgf/utilities\pgfkeys.sty
(C:\Program Files\MiKTeX\tex/generic/pgf/utilities\pgfkeys.code.tex
\pgfkeys@pathtoks=\toks19
\pgfkeys@temptoks=\toks20

(C:\Program Files\MiKTeX\tex/generic/pgf/utilities\pgfkeyslibraryfiltered.code.
tex
\pgfkeys@tmptoks=\toks21
))) (C:\Program Files\MiKTeX\tex/generic/pgf/math\pgfmath.code.tex
(C:\Program Files\MiKTeX\tex/generic/pgf/math\pgfmathutil.code.tex
\pgf@x=\dimen166
\pgf@xa=\dimen167
\pgf@xb=\dimen168
\pgf@xc=\dimen169
\pgf@y=\dimen170
\pgf@ya=\dimen171
\pgf@yb=\dimen172
\pgf@yc=\dimen173
\c@pgf@counta=\count280
\c@pgf@countb=\count281
\c@pgf@countc=\count282
\c@pgf@countd=\count283
)
(C:\Program Files\MiKTeX\tex/generic/pgf/math\pgfmathparser.code.tex
\pgfmath@dimen=\dimen174
\pgfmath@count=\count284
\pgfmath@box=\box61
\pgfmath@toks=\toks22
\pgfmath@stack@operand=\toks23
\pgfmath@stack@operation=\toks24
)
(C:\Program Files\MiKTeX\tex/generic/pgf/math\pgfmathfunctions.code.tex)
(C:\Program Files\MiKTeX\tex/generic/pgf/math\pgfmathfunctions.basic.code.tex)
(C:\Program Files\MiKTeX\tex/generic/pgf/math\pgfmathfunctions.trigonometric.co
de.tex)
(C:\Program Files\MiKTeX\tex/generic/pgf/math\pgfmathfunctions.random.code.tex)

(C:\Program Files\MiKTeX\tex/generic/pgf/math\pgfmathfunctions.comparison.code.
tex)
(C:\Program Files\MiKTeX\tex/generic/pgf/math\pgfmathfunctions.base.code.tex)
(C:\Program Files\MiKTeX\tex/generic/pgf/math\pgfmathfunctions.round.code.tex)
(C:\Program Files\MiKTeX\tex/generic/pgf/math\pgfmathfunctions.misc.code.tex)
(C:\Program Files\MiKTeX\tex/generic/pgf/math\pgfmathfunctions.integerarithmeti
cs.code.tex) (C:\Program Files\MiKTeX\tex/generic/pgf/math\pgfmathcalc.code.tex
) (C:\Program Files\MiKTeX\tex/generic/pgf/math\pgfmathfloat.code.tex
\c@pgfmathroundto@lastzeros=\count285
)))
(C:\Program Files\MiKTeX\tex/latex/base\size11.clo
File: size11.clo 2022/07/02 v1.4n Standard LaTeX file (size option)
)
(C:\Program Files\MiKTeX\tex/latex/pgf/basiclayer\pgfcore.sty
(C:\Program Files\MiKTeX\tex/latex/graphics\graphicx.sty
Package: graphicx 2021/09/16 v1.2d Enhanced LaTeX Graphics (DPC,SPQR)

(C:\Program Files\MiKTeX\tex/latex/graphics\graphics.sty
Package: graphics 2022/03/10 v1.4e Standard LaTeX Graphics (DPC,SPQR)

(C:\Program Files\MiKTeX\tex/latex/graphics\trig.sty
Package: trig 2021/08/11 v1.11 sin cos tan (DPC)
)
(C:\Program Files\MiKTeX\tex/latex/graphics-cfg\graphics.cfg
File: graphics.cfg 2016/06/04 v1.11 sample graphics configuration
)
Package graphics Info: Driver file: pdftex.def on input line 107.

(C:\Program Files\MiKTeX\tex/latex/graphics-def\pdftex.def
File: pdftex.def 2022/09/22 v1.2b Graphics/color driver for pdftex
))
\Gin@req@height=\dimen175
\Gin@req@width=\dimen176
)
(C:\Program Files\MiKTeX\tex/latex/pgf/systemlayer\pgfsys.sty
(C:\Program Files\MiKTeX\tex/generic/pgf/systemlayer\pgfsys.code.tex
Package: pgfsys 2023-01-15 v3.1.10 (3.1.10)
\pgf@x=\dimen177
\pgf@y=\dimen178
\pgf@xa=\dimen179
\pgf@ya=\dimen180
\pgf@xb=\dimen181
\pgf@yb=\dimen182
\pgf@xc=\dimen183
\pgf@yc=\dimen184
\pgf@xd=\dimen185
\pgf@yd=\dimen186
\w@pgf@writea=\write3
\r@pgf@reada=\read2
\c@pgf@counta=\count286
\c@pgf@countb=\count287
\c@pgf@countc=\count288
\c@pgf@countd=\count289
\t@pgf@toka=\toks25
\t@pgf@tokb=\toks26
\t@pgf@tokc=\toks27
\pgf@sys@id@count=\count290

(C:\Program Files\MiKTeX\tex/generic/pgf/systemlayer\pgf.cfg
File: pgf.cfg 2023-01-15 v3.1.10 (3.1.10)
)
Driver file for pgf: pgfsys-pdftex.def

(C:\Program Files\MiKTeX\tex/generic/pgf/systemlayer\pgfsys-pdftex.def
File: pgfsys-pdftex.def 2023-01-15 v3.1.10 (3.1.10)

(C:\Program Files\MiKTeX\tex/generic/pgf/systemlayer\pgfsys-common-pdf.def
File: pgfsys-common-pdf.def 2023-01-15 v3.1.10 (3.1.10)
)))
(C:\Program Files\MiKTeX\tex/generic/pgf/systemlayer\pgfsyssoftpath.code.tex
File: pgfsyssoftpath.code.tex 2023-01-15 v3.1.10 (3.1.10)
\pgfsyssoftpath@smallbuffer@items=\count291
\pgfsyssoftpath@bigbuffer@items=\count292
)
(C:\Program Files\MiKTeX\tex/generic/pgf/systemlayer\pgfsysprotocol.code.tex
File: pgfsysprotocol.code.tex 2023-01-15 v3.1.10 (3.1.10)
))
(C:\Program Files\MiKTeX\tex/latex/xcolor\xcolor.sty
Package: xcolor 2022/06/12 v2.14 LaTeX color extensions (UK)

(C:\Program Files\MiKTeX\tex/latex/graphics-cfg\color.cfg
File: color.cfg 2016/01/02 v1.6 sample color configuration
)
Package xcolor Info: Driver file: pdftex.def on input line 227.

(C:\Program Files\MiKTeX\tex/latex/graphics\mathcolor.ltx)
Package xcolor Info: Model `cmy' substituted by `cmy0' on input line 1353.
Package xcolor Info: Model `hsb' substituted by `rgb' on input line 1357.
Package xcolor Info: Model `RGB' extended on input line 1369.
Package xcolor Info: Model `HTML' substituted by `rgb' on input line 1371.
Package xcolor Info: Model `Hsb' substituted by `hsb' on input line 1372.
Package xcolor Info: Model `tHsb' substituted by `hsb' on input line 1373.
Package xcolor Info: Model `HSB' substituted by `hsb' on input line 1374.
Package xcolor Info: Model `Gray' substituted by `gray' on input line 1375.
Package xcolor Info: Model `wave' substituted by `hsb' on input line 1376.
)
(C:\Program Files\MiKTeX\tex/generic/pgf/basiclayer\pgfcore.code.tex
Package: pgfcore 2023-01-15 v3.1.10 (3.1.10)

(C:\Program Files\MiKTeX\tex/generic/pgf/math\pgfint.code.tex)
(C:\Program Files\MiKTeX\tex/generic/pgf/basiclayer\pgfcorepoints.code.tex
File: pgfcorepoints.code.tex 2023-01-15 v3.1.10 (3.1.10)
\pgf@picminx=\dimen187
\pgf@picmaxx=\dimen188
\pgf@picminy=\dimen189
\pgf@picmaxy=\dimen190
\pgf@pathminx=\dimen191
\pgf@pathmaxx=\dimen192
\pgf@pathminy=\dimen193
\pgf@pathmaxy=\dimen194
\pgf@xx=\dimen195
\pgf@xy=\dimen196
\pgf@yx=\dimen197
\pgf@yy=\dimen198
\pgf@zx=\dimen199
\pgf@zy=\dimen256
)
(C:\Program Files\MiKTeX\tex/generic/pgf/basiclayer\pgfcorepathconstruct.code.t
ex
File: pgfcorepathconstruct.code.tex 2023-01-15 v3.1.10 (3.1.10)
\pgf@path@lastx=\dimen257
\pgf@path@lasty=\dimen258
)
(C:\Program Files\MiKTeX\tex/generic/pgf/basiclayer\pgfcorepathusage.code.tex
File: pgfcorepathusage.code.tex 2023-01-15 v3.1.10 (3.1.10)
\pgf@shorten@end@additional=\dimen259
\pgf@shorten@start@additional=\dimen260
)
(C:\Program Files\MiKTeX\tex/generic/pgf/basiclayer\pgfcorescopes.code.tex
File: pgfcorescopes.code.tex 2023-01-15 v3.1.10 (3.1.10)
\pgfpic=\box62
\pgf@hbox=\box63
\pgf@layerbox@main=\box64
\pgf@picture@serial@count=\count293
)
(C:\Program Files\MiKTeX\tex/generic/pgf/basiclayer\pgfcoregraphicstate.code.te
x
File: pgfcoregraphicstate.code.tex 2023-01-15 v3.1.10 (3.1.10)
\pgflinewidth=\dimen261
)
(C:\Program Files\MiKTeX\tex/generic/pgf/basiclayer\pgfcoretransformations.code
.tex
File: pgfcoretransformations.code.tex 2023-01-15 v3.1.10 (3.1.10)
\pgf@pt@x=\dimen262
\pgf@pt@y=\dimen263
\pgf@pt@temp=\dimen264
) (C:\Program Files\MiKTeX\tex/generic/pgf/basiclayer\pgfcorequick.code.tex
File: pgfcorequick.code.tex 2023-01-15 v3.1.10 (3.1.10)
) (C:\Program Files\MiKTeX\tex/generic/pgf/basiclayer\pgfcoreobjects.code.tex
File: pgfcoreobjects.code.tex 2023-01-15 v3.1.10 (3.1.10)
)
(C:\Program Files\MiKTeX\tex/generic/pgf/basiclayer\pgfcorepathprocessing.code.
tex
File: pgfcorepathprocessing.code.tex 2023-01-15 v3.1.10 (3.1.10)
) (C:\Program Files\MiKTeX\tex/generic/pgf/basiclayer\pgfcorearrows.code.tex
File: pgfcorearrows.code.tex 2023-01-15 v3.1.10 (3.1.10)
\pgfarrowsep=\dimen265
) (C:\Program Files\MiKTeX\tex/generic/pgf/basiclayer\pgfcoreshade.code.tex
File: pgfcoreshade.code.tex 2023-01-15 v3.1.10 (3.1.10)
\pgf@max=\dimen266
\pgf@sys@shading@range@num=\count294
\pgf@shadingcount=\count295
)
(C:\Program Files\MiKTeX\tex/generic/pgf/basiclayer\pgfcoreimage.code.tex
File: pgfcoreimage.code.tex 2023-01-15 v3.1.10 (3.1.10)
)
(C:\Program Files\MiKTeX\tex/generic/pgf/basiclayer\pgfcoreexternal.code.tex
File: pgfcoreexternal.code.tex 2023-01-15 v3.1.10 (3.1.10)
\pgfexternal@startupbox=\box65
)
(C:\Program Files\MiKTeX\tex/generic/pgf/basiclayer\pgfcorelayers.code.tex
File: pgfcorelayers.code.tex 2023-01-15 v3.1.10 (3.1.10)
)
(C:\Program Files\MiKTeX\tex/generic/pgf/basiclayer\pgfcoretransparency.code.te
x
File: pgfcoretransparency.code.tex 2023-01-15 v3.1.10 (3.1.10)
) (C:\Program Files\MiKTeX\tex/generic/pgf/basiclayer\pgfcorepatterns.code.tex
File: pgfcorepatterns.code.tex 2023-01-15 v3.1.10 (3.1.10)
) (C:\Program Files\MiKTeX\tex/generic/pgf/basiclayer\pgfcorerdf.code.tex
File: pgfcorerdf.code.tex 2023-01-15 v3.1.10 (3.1.10)
)))
(C:\Program Files\MiKTeX\tex/latex/pgf/utilities\xxcolor.sty
Package: xxcolor 2003/10/24 ver 0.1
\XC@nummixins=\count296
\XC@countmixins=\count297
)
(C:\Program Files\MiKTeX\tex/latex/base\atbegshi-ltx.sty
Package: atbegshi-ltx 2021/01/10 v1.0c Emulation of the original atbegshi
package with kernel methods
)
(C:\Program Files\MiKTeX\tex/latex/hyperref\hyperref.sty
Package: hyperref 2023-04-22 v7.00x Hypertext links for LaTeX

(C:\Program Files\MiKTeX\tex/generic/ltxcmds\ltxcmds.sty
Package: ltxcmds 2020-05-10 v1.25 LaTeX kernel commands for general use (HO)
)
(C:\Program Files\MiKTeX\tex/generic/pdftexcmds\pdftexcmds.sty
Package: pdftexcmds 2020-06-27 v0.33 Utility functions of pdfTeX for LuaTeX (HO
)

(C:\Program Files\MiKTeX\tex/generic/infwarerr\infwarerr.sty
Package: infwarerr 2019/12/03 v1.5 Providing info/warning/error messages (HO)
)
Package pdftexcmds Info: \pdf@primitive is available.
Package pdftexcmds Info: \pdf@ifprimitive is available.
Package pdftexcmds Info: \pdfdraftmode found.
)
(C:\Program Files\MiKTeX\tex/latex/kvsetkeys\kvsetkeys.sty
Package: kvsetkeys 2022-10-05 v1.19 Key value parser (HO)
)
(C:\Program Files\MiKTeX\tex/generic/kvdefinekeys\kvdefinekeys.sty
Package: kvdefinekeys 2019-12-19 v1.6 Define keys (HO)
)
(C:\Program Files\MiKTeX\tex/generic/pdfescape\pdfescape.sty
Package: pdfescape 2019/12/09 v1.15 Implements pdfTeX's escape features (HO)
)
(C:\Program Files\MiKTeX\tex/latex/hycolor\hycolor.sty
Package: hycolor 2020-01-27 v1.10 Color options for hyperref/bookmark (HO)
)
(C:\Program Files\MiKTeX\tex/latex/letltxmacro\letltxmacro.sty
Package: letltxmacro 2019/12/03 v1.6 Let assignment for LaTeX macros (HO)
)
(C:\Program Files\MiKTeX\tex/latex/auxhook\auxhook.sty
Package: auxhook 2019-12-17 v1.6 Hooks for auxiliary files (HO)
)
(C:\Program Files\MiKTeX\tex/latex/hyperref\nameref.sty
Package: nameref 2022-05-17 v2.50 Cross-referencing by name of section

(C:\Program Files\MiKTeX\tex/latex/refcount\refcount.sty
Package: refcount 2019/12/15 v3.6 Data extraction from label references (HO)
)
(C:\Program Files\MiKTeX\tex/generic/gettitlestring\gettitlestring.sty
Package: gettitlestring 2019/12/15 v1.6 Cleanup title references (HO)

(C:\Program Files\MiKTeX\tex/latex/kvoptions\kvoptions.sty
Package: kvoptions 2022-06-15 v3.15 Key value format for package options (HO)
))
\c@section@level=\count298
)
\@linkdim=\dimen267
\Hy@linkcounter=\count299
\Hy@pagecounter=\count300

(C:\Program Files\MiKTeX\tex/latex/hyperref\pd1enc.def
File: pd1enc.def 2023-04-22 v7.00x Hyperref: PDFDocEncoding definition (HO)
Now handling font encoding PD1 ...
... no UTF-8 mapping file for font encoding PD1
)
(C:\Program Files\MiKTeX\tex/generic/intcalc\intcalc.sty
Package: intcalc 2019/12/15 v1.3 Expandable calculations with integers (HO)
)
\Hy@SavedSpaceFactor=\count301

(C:\Program Files\MiKTeX\tex/latex/hyperref\puenc.def
File: puenc.def 2023-04-22 v7.00x Hyperref: PDF Unicode definition (HO)
Now handling font encoding PU ...
... no UTF-8 mapping file for font encoding PU
)
Package hyperref Info: Option `bookmarks' set `true' on input line 4065.
Package hyperref Info: Option `bookmarksopen' set `true' on input line 4065.
Package hyperref Info: Option `implicit' set `false' on input line 4065.
Package hyperref Info: Hyper figures OFF on input line 4182.
Package hyperref Info: Link nesting OFF on input line 4187.
Package hyperref Info: Hyper index ON on input line 4190.
Package hyperref Info: Plain pages OFF on input line 4197.
Package hyperref Info: Backreferencing OFF on input line 4202.
Package hyperref Info: Implicit mode OFF; no redefinition of LaTeX internals.
Package hyperref Info: Bookmarks ON on input line 4449.
\c@Hy@tempcnt=\count302

(C:\Program Files\MiKTeX\tex/latex/url\url.sty
\Urlmuskip=\muskip16
Package: url 2013/09/16  ver 3.4  Verb mode for urls, etc.
)
LaTeX Info: Redefining \url on input line 4787.
\XeTeXLinkMargin=\dimen268

(C:\Program Files\MiKTeX\tex/generic/bitset\bitset.sty
Package: bitset 2019/12/09 v1.3 Handle bit-vector datatype (HO)

(C:\Program Files\MiKTeX\tex/generic/bigintcalc\bigintcalc.sty
Package: bigintcalc 2019/12/15 v1.5 Expandable calculations on big integers (HO
)
))
\Fld@menulength=\count303
\Field@Width=\dimen269
\Fld@charsize=\dimen270
Package hyperref Info: Hyper figures OFF on input line 6066.
Package hyperref Info: Link nesting OFF on input line 6071.
Package hyperref Info: Hyper index ON on input line 6074.
Package hyperref Info: backreferencing OFF on input line 6081.
Package hyperref Info: Link coloring OFF on input line 6086.
Package hyperref Info: Link coloring with OCG OFF on input line 6091.
Package hyperref Info: PDF/A mode OFF on input line 6096.
\Hy@abspage=\count304


Package hyperref Message: Stopped early.

)
Package hyperref Info: Driver (autodetected): hpdftex.
 (C:\Program Files\MiKTeX\tex/latex/hyperref\hpdftex.def
File: hpdftex.def 2023-04-22 v7.00x Hyperref driver for pdfTeX

(C:\Program Files\MiKTeX\tex/latex/base\atveryend-ltx.sty
Package: atveryend-ltx 2020/08/19 v1.0a Emulation of the original atveryend pac
kage
with kernel methods
)
\Fld@listcount=\count305
\c@bookmark@seq@number=\count306

(C:\Program Files\MiKTeX\tex/latex/rerunfilecheck\rerunfilecheck.sty
Package: rerunfilecheck 2022-07-10 v1.10 Rerun checks for auxiliary files (HO)

(C:\Program Files\MiKTeX\tex/generic/uniquecounter\uniquecounter.sty
Package: uniquecounter 2019/12/15 v1.4 Provide unlimited unique counter (HO)
)
Package uniquecounter Info: New unique counter `rerunfilecheck' on input line 2
85.
))
(C:\Program Files\MiKTeX\tex/latex/beamer\beamerbaserequires.sty
(C:\Program Files\MiKTeX\tex/latex/beamer\beamerbasecompatibility.sty)
(C:\Program Files\MiKTeX\tex/latex/beamer\beamerbasefont.sty
(C:\Program Files\MiKTeX\tex/latex/amsfonts\amssymb.sty
Package: amssymb 2013/01/14 v3.01 AMS font symbols

(C:\Program Files\MiKTeX\tex/latex/amsfonts\amsfonts.sty
Package: amsfonts 2013/01/14 v3.01 Basic AMSFonts support
\@emptytoks=\toks28
\symAMSa=\mathgroup4
\symAMSb=\mathgroup5
LaTeX Font Info:    Redeclaring math symbol \hbar on input line 98.
LaTeX Font Info:    Overwriting math alphabet `\mathfrak' in version `bold'
(Font)                  U/euf/m/n --> U/euf/b/n on input line 106.
))
(C:\Program Files\MiKTeX\tex/latex/sansmathaccent\sansmathaccent.sty
Package: sansmathaccent 2020/01/31

(C:\Program Files\MiKTeX\tex/latex/koma-script\scrlfile.sty
Package: scrlfile 2023/07/07 v3.41 KOMA-Script package (file load hooks)

(C:\Program Files\MiKTeX\tex/latex/koma-script\scrlfile-hook.sty
Package: scrlfile-hook 2023/07/07 v3.41 KOMA-Script package (using LaTeX hooks)


(C:\Program Files\MiKTeX\tex/latex/koma-script\scrlogo.sty
Package: scrlogo 2023/07/07 v3.41 KOMA-Script package (logo)
)))))
(C:\Program Files\MiKTeX\tex/latex/beamer\beamerbasetranslator.sty
(C:\Program Files\MiKTeX\tex/latex/translator\translator.sty
Package: translator 2021-05-31 v1.12d Easy translation of strings in LaTeX
))
(C:\Program Files\MiKTeX\tex/latex/beamer\beamerbasemisc.sty)
(C:\Program Files\MiKTeX\tex/latex/beamer\beamerbasetwoscreens.sty)
(C:\Program Files\MiKTeX\tex/latex/beamer\beamerbaseoverlay.sty
\beamer@argscount=\count307
\beamer@lastskipcover=\skip51
\beamer@trivlistdepth=\count308
)
(C:\Program Files\MiKTeX\tex/latex/beamer\beamerbasetitle.sty)
(C:\Program Files\MiKTeX\tex/latex/beamer\beamerbasesection.sty
\c@lecture=\count309
\c@part=\count310
\c@section=\count311
\c@subsection=\count312
\c@subsubsection=\count313
)
(C:\Program Files\MiKTeX\tex/latex/beamer\beamerbaseframe.sty
\beamer@framebox=\box66
\beamer@frametitlebox=\box67
\beamer@zoombox=\box68
\beamer@zoomcount=\count314
\beamer@zoomframecount=\count315
\beamer@frametextheight=\dimen271
\c@subsectionslide=\count316
\beamer@frametopskip=\skip52
\beamer@framebottomskip=\skip53
\beamer@frametopskipautobreak=\skip54
\beamer@framebottomskipautobreak=\skip55
\beamer@envbody=\toks29
\framewidth=\dimen272
\c@framenumber=\count317
)
(C:\Program Files\MiKTeX\tex/latex/beamer\beamerbaseverbatim.sty
\beamer@verbatimfileout=\write4
)
(C:\Program Files\MiKTeX\tex/latex/beamer\beamerbaseframesize.sty
\beamer@splitbox=\box69
\beamer@autobreakcount=\count318
\beamer@autobreaklastheight=\dimen273
\beamer@frametitletoks=\toks30
\beamer@framesubtitletoks=\toks31
)
(C:\Program Files\MiKTeX\tex/latex/beamer\beamerbaseframecomponents.sty
\beamer@footins=\box70
)
(C:\Program Files\MiKTeX\tex/latex/beamer\beamerbasecolor.sty)
(C:\Program Files\MiKTeX\tex/latex/beamer\beamerbasenotes.sty
\beamer@frameboxcopy=\box71
)
(C:\Program Files\MiKTeX\tex/latex/beamer\beamerbasetoc.sty)
(C:\Program Files\MiKTeX\tex/latex/beamer\beamerbasetemplates.sty
\beamer@sbttoks=\toks32

(C:\Program Files\MiKTeX\tex/latex/beamer\beamerbaseauxtemplates.sty
(C:\Program Files\MiKTeX\tex/latex/beamer\beamerbaseboxes.sty
\bmb@box=\box72
\bmb@colorbox=\box73
\bmb@boxwidth=\dimen274
\bmb@boxheight=\dimen275
\bmb@prevheight=\dimen276
\bmb@temp=\dimen277
\bmb@dima=\dimen278
\bmb@dimb=\dimen279
\bmb@prevheight=\dimen280
)
\beamer@blockheadheight=\dimen281
))
(C:\Program Files\MiKTeX\tex/latex/beamer\beamerbaselocalstructure.sty
(C:\Program Files\MiKTeX\tex/latex/tools\enumerate.sty
Package: enumerate 2015/07/23 v3.00 enumerate extensions (DPC)
\@enLab=\toks33
)
\beamer@bibiconwidth=\skip56
\c@figure=\count319
\c@table=\count320
\abovecaptionskip=\skip57
\belowcaptionskip=\skip58
)
(C:\Program Files\MiKTeX\tex/latex/beamer\beamerbasenavigation.sty
(C:\Program Files\MiKTeX\tex/latex/beamer\beamerbasenavigationsymbols.tex)
\beamer@section@min@dim=\dimen282
)
(C:\Program Files\MiKTeX\tex/latex/beamer\beamerbasetheorems.sty
(C:\Program Files\MiKTeX\tex/latex/amsmath\amsmath.sty
Package: amsmath 2022/04/08 v2.17n AMS math features
\@mathmargin=\skip59

For additional information on amsmath, use the `?' option.
(C:\Program Files\MiKTeX\tex/latex/amsmath\amstext.sty
Package: amstext 2021/08/26 v2.01 AMS text

(C:\Program Files\MiKTeX\tex/latex/amsmath\amsgen.sty
File: amsgen.sty 1999/11/30 v2.0 generic functions
\@emptytoks=\toks34
\ex@=\dimen283
))
(C:\Program Files\MiKTeX\tex/latex/amsmath\amsbsy.sty
Package: amsbsy 1999/11/29 v1.2d Bold Symbols
\pmbraise@=\dimen284
)
(C:\Program Files\MiKTeX\tex/latex/amsmath\amsopn.sty
Package: amsopn 2022/04/08 v2.04 operator names
)
\inf@bad=\count321
LaTeX Info: Redefining \frac on input line 234.
\uproot@=\count322
\leftroot@=\count323
LaTeX Info: Redefining \overline on input line 399.
LaTeX Info: Redefining \colon on input line 410.
\classnum@=\count324
\DOTSCASE@=\count325
LaTeX Info: Redefining \ldots on input line 496.
LaTeX Info: Redefining \dots on input line 499.
LaTeX Info: Redefining \cdots on input line 620.
\Mathstrutbox@=\box74
\strutbox@=\box75
LaTeX Info: Redefining \big on input line 722.
LaTeX Info: Redefining \Big on input line 723.
LaTeX Info: Redefining \bigg on input line 724.
LaTeX Info: Redefining \Bigg on input line 725.
\big@size=\dimen285
LaTeX Font Info:    Redeclaring font encoding OML on input line 743.
LaTeX Font Info:    Redeclaring font encoding OMS on input line 744.
\macc@depth=\count326
LaTeX Info: Redefining \bmod on input line 905.
LaTeX Info: Redefining \pmod on input line 910.
LaTeX Info: Redefining \smash on input line 940.
LaTeX Info: Redefining \relbar on input line 970.
LaTeX Info: Redefining \Relbar on input line 971.
\c@MaxMatrixCols=\count327
\dotsspace@=\muskip17
\c@parentequation=\count328
\dspbrk@lvl=\count329
\tag@help=\toks35
\row@=\count330
\column@=\count331
\maxfields@=\count332
\andhelp@=\toks36
\eqnshift@=\dimen286
\alignsep@=\dimen287
\tagshift@=\dimen288
\tagwidth@=\dimen289
\totwidth@=\dimen290
\lineht@=\dimen291
\@envbody=\toks37
\multlinegap=\skip60
\multlinetaggap=\skip61
\mathdisplay@stack=\toks38
LaTeX Info: Redefining \[ on input line 2953.
LaTeX Info: Redefining \] on input line 2954.
)
(C:\Program Files\MiKTeX\tex/latex/amscls\amsthm.sty
Package: amsthm 2020/05/29 v2.20.6
\thm@style=\toks39
\thm@bodyfont=\toks40
\thm@headfont=\toks41
\thm@notefont=\toks42
\thm@headpunct=\toks43
\thm@preskip=\skip62
\thm@postskip=\skip63
\thm@headsep=\skip64
\dth@everypar=\toks44
)
\c@theorem=\count333
)
(C:\Program Files\MiKTeX\tex/latex/beamer\beamerbasethemes.sty))
(C:\Program Files\MiKTeX\tex/latex/beamer\beamerthemedefault.sty
(C:\Program Files\MiKTeX\tex/latex/beamer\beamerfontthemedefault.sty)
(C:\Program Files\MiKTeX\tex/latex/beamer\beamercolorthemedefault.sty)
(C:\Program Files\MiKTeX\tex/latex/beamer\beamerinnerthemedefault.sty
\beamer@dima=\dimen292
\beamer@dimb=\dimen293
)
(C:\Program Files\MiKTeX\tex/latex/beamer\beamerouterthemedefault.sty)))
(C:\Program Files\MiKTeX\tex/latex/beamer\beamerthemeCambridgeUS.sty
(C:\Program Files\MiKTeX\tex/latex/beamer\beamerinnerthemerounded.sty)
(C:\Program Files\MiKTeX\tex/latex/beamer\beamerouterthemeinfolines.sty)
(C:\Program Files\MiKTeX\tex/latex/beamer\beamercolorthemebeaver.sty))
(C:\Program Files\MiKTeX\tex/latex/base\inputenc.sty
Package: inputenc 2021/02/14 v1.3d Input encoding file
\inpenc@prehook=\toks45
\inpenc@posthook=\toks46

(C:\Program Files\MiKTeX\tex/latex/base\latin1.def
File: latin1.def 2021/02/14 v1.3d Input encoding file
))
(C:\Program Files\MiKTeX\tex/latex/graphics\epsfig.sty
Package: epsfig 2017/06/25 v1.7b (e)psfig emulation (SPQR)
\epsfxsize=\dimen294
\epsfysize=\dimen295
)
(C:\Program Files\MiKTeX\tex/latex/fancyhdr\fancyhdr.sty
Package: fancyhdr 2025/02/07 v5.2 Extensive control of page headers and footers

\f@nch@headwidth=\skip65
\f@nch@offset@elh=\skip66
\f@nch@offset@erh=\skip67
\f@nch@offset@olh=\skip68
\f@nch@offset@orh=\skip69
\f@nch@offset@elf=\skip70
\f@nch@offset@erf=\skip71
\f@nch@offset@olf=\skip72
\f@nch@offset@orf=\skip73
\f@nch@height=\skip74
\f@nch@footalignment=\skip75
\f@nch@widthL=\skip76
\f@nch@widthC=\skip77
\f@nch@widthR=\skip78
\@temptokenb=\toks47
)
(C:\Program Files\MiKTeX\tex/latex/psfrag\psfrag.sty
Package: psfrag 1998/04/11 v3.04 PSfrag (MCG)
\pfg@pcount=\count334
\pfg@scount=\count335
\pfg@temp=\write5
)
(C:\Program Files\MiKTeX\tex/latex/pstricks\pstricks.sty
Package: pstricks 2024/02/02 v0.75 LaTeX wrapper for `PSTricks' (RN,HV)

(C:\Program Files\MiKTeX\tex/generic/xkeyval\pst-xkey.tex
File: pst-xkey.tex 2005/11/25 v1.6 PSTricks specialization of xkeyval (HA)

(C:\Program Files\MiKTeX\tex/latex/xkeyval\xkeyval.sty
Package: xkeyval 2022/06/16 v2.9 package option processing (HA)

(C:\Program Files\MiKTeX\tex/generic/xkeyval\xkeyval.tex
(C:\Program Files\MiKTeX\tex/generic/xkeyval\xkvutils.tex
\XKV@toks=\toks48
\XKV@tempa@toks=\toks49
)
\XKV@depth=\count336
File: xkeyval.tex 2014/12/03 v2.7a key=value parser (HA)
)))
(C:\Program Files\MiKTeX\tex/generic/pstricks\pstricks.tex
(C:\Program Files\MiKTeX\tex/generic/pstricks\pst-fp.tex
`pst-fp' v0.06, 2020/11/20 (hv)
\pstFP@xs=\count337
\pstFP@xia=\count338
\pstFP@xib=\count339
\pstFP@xfa=\count340
\pstFP@xfb=\count341
\pstFP@rega=\count342
\pstFP@regb=\count343
\pstFP@regs=\count344
\pstFP@times=\count345
)
\psLoopIndex=\count346

`PSTricks' v3.21  <2024/11/16> (tvz,hv)
\pst@dima=\dimen296
\pst@dimb=\dimen297
\pst@dimc=\dimen298
\pst@dimd=\dimen299
\pst@dimg=\dimen300
\pst@dimh=\dimen301
\pst@dimm=\dimen302
\pst@dimn=\dimen303
\pst@dimo=\dimen304
\pst@dimp=\dimen305
\pst@hbox=\box76
\pst@ibox=\box77
\pst@boxg=\box78
\pst@cnta=\count347
\pst@cntb=\count348
\pst@cntc=\count349
\pst@cntd=\count350
\pst@cntg=\count351
\pst@cnth=\count352
\pst@cntm=\count353
\pst@cntn=\count354
\pst@cnto=\count355
\pst@cntp=\count356
\@zero=\count357
\pst@toks=\toks50
--- We are running latex or xelatex ---
(C:\Program Files\MiKTeX\tex/generic/pstricks\pstricks.con)
(C:\Program Files\MiKTeX\tex/generic/pstricks\pstricks-color.tex)
\psunit=\dimen306
\psxunit=\dimen307
\psyunit=\dimen308
\pst@C@@rType=\count358
\pslinewidth=\dimen309
\psk@startLW=\dimen310
\psk@endLW=\dimen311

(C:\Program Files\MiKTeX\tex/generic/pstricks\pstricks-arrows.tex
\pshooklength=\dimen312
\pshookwidth=\dimen313
)
\pst@customdefs=\toks51

(C:\Program Files\MiKTeX\tex/generic/pstricks\pstricks-dots.tex)
\pslinearc=\dimen314
\pst@symbolStep=\dimen315
\pst@symbolWidth=\dimen316
\pst@symbolLinewidth=\dimen317
\everypsbox=\toks52
\psframesep=\dimen318
\pslabelsep=\dimen319
\sh@wgridXunit=\dimen320
\sh@wgridYunit=\dimen321
\pst@shift=\dimen322
\ps@imagectr=\count359

(C:\Program Files\MiKTeX\tex/generic/pstricks\pstricks.con))
File: pstricks.tex 2024/11/16 v3.21 `PSTricks' (tvz,hv)

(C:\Program Files\MiKTeX\tex/generic/pstricks\pst-fp.tex
`pst-fp' v0.06, 2020/11/20 (hv))
File: pst-fp.tex 2020/11/20 v0.06 `PST-fp' (hv)
)
(C:\Program Files\MiKTeX\tex/latex/colortbl\colortbl.sty
Package: colortbl 2024/07/06 v1.0i Color table columns (DPC)

(C:\Program Files\MiKTeX\tex/latex/tools\array.sty
Package: array 2022/09/04 v2.5g Tabular extension package (FMi)
\col@sep=\dimen323
\ar@mcellbox=\box79
\extrarowheight=\dimen324
\NC@list=\toks53
\extratabsurround=\skip79
\backup@length=\skip80
\ar@cellbox=\box80
)
\everycr=\toks54
\minrowclearance=\skip81
\rownum=\count360
)
(C:\Program Files\MiKTeX\tex/latex/tools\longtable.sty
Package: longtable 2021-09-01 v4.17 Multi-page Table package (DPC)
\LTleft=\skip82
\LTright=\skip83
\LTpre=\skip84
\LTpost=\skip85
\LTchunksize=\count361
\LTcapwidth=\dimen325
\LT@head=\box81
\LT@firsthead=\box82
\LT@foot=\box83
\LT@lastfoot=\box84
\LT@gbox=\box85
\LT@cols=\count362
\LT@rows=\count363
\c@LT@tables=\count364
\c@LT@chunks=\count365
\LT@p@ftn=\toks55
)
(C:\Program Files\MiKTeX\tex/latex/subfigure\subfigure.sty
Package: subfigure 2002/07/30 v2.1.4 subfigure package
\subfigtopskip=\skip86
\subfigcapskip=\skip87
\subfigcaptopadj=\dimen326
\subfigbottomskip=\skip88
\subfigcapmargin=\dimen327
\subfiglabelskip=\skip89
\c@subfigure=\count366
\c@lofdepth=\count367
\c@subtable=\count368
\c@lotdepth=\count369

****************************************
* Local config file subfigure.cfg used *
****************************************
(C:\Program Files\MiKTeX\tex/latex/subfigure\subfigure.cfg)
\subfig@top=\skip90
\subfig@bottom=\skip91
)
(C:\Program Files\MiKTeX\tex/latex/beamer\multimedia.sty
Package: multimedia 2012/05/02 ver 0.02

(C:\Program Files\MiKTeX\tex/generic/iftex\ifpdf.sty
Package: ifpdf 2019/10/25 v3.4 ifpdf legacy package. Use iftex instead.
)
\mm@movie=\count370
)
(C:\Program Files\MiKTeX\tex/latex/fancybox\fancybox.sty
Package: fancybox 2010/05/15 1.4

Style option: `fancybox' v1.4 <2010/05/15> (tvz)
\@fancybox=\box86
\shadowsize=\dimen328
\@Sbox=\box87
\do@VerbBox=\toks56
\the@fancyput=\toks57
\this@fancyput=\toks58
\EndVerbatimTokens=\toks59
\Verbatim@Outfile=\write6
\Verbatim@Infile=\read3
) (C:\Program Files\MiKTeX\tex/latex/comment\comment.sty
\CommentStream=\write7

Excluding comment 'comment')
(C:\Program Files\MiKTeX\tex/latex/ragged2e\ragged2e.sty
Package: ragged2e 2023/04/04 v3.5 ragged2e Package
\CenteringLeftskip=\skip92
\RaggedLeftLeftskip=\skip93
\RaggedRightLeftskip=\skip94
\CenteringRightskip=\skip95
\RaggedLeftRightskip=\skip96
\RaggedRightRightskip=\skip97
\CenteringParfillskip=\skip98
\RaggedLeftParfillskip=\skip99
\RaggedRightParfillskip=\skip100
\JustifyingParfillskip=\skip101
\CenteringParindent=\skip102
\RaggedLeftParindent=\skip103
\RaggedRightParindent=\skip104
\JustifyingParindent=\skip105
)
(C:\Program Files\MiKTeX\tex/latex/beamer\beamerfontthemeserif.sty)
(C:\Program Files\MiKTeX\tex/latex/l3backend\l3backend-pdftex.def
File: l3backend-pdftex.def 2023-04-19 L3 backend support: PDF output (pdfTeX)
\l__color_backend_stack_int=\count371
\l__pdf_internal_box=\box88
)
(TC_tema_2.aux)
\openout1 = `TC_tema_2.aux'.

LaTeX Font Info:    Checking defaults for OML/cmm/m/it on input line 53.
LaTeX Font Info:    ... okay on input line 53.
LaTeX Font Info:    Checking defaults for OMS/cmsy/m/n on input line 53.
LaTeX Font Info:    ... okay on input line 53.
LaTeX Font Info:    Checking defaults for OT1/cmr/m/n on input line 53.
LaTeX Font Info:    ... okay on input line 53.
LaTeX Font Info:    Checking defaults for T1/cmr/m/n on input line 53.
LaTeX Font Info:    ... okay on input line 53.
LaTeX Font Info:    Checking defaults for TS1/cmr/m/n on input line 53.
LaTeX Font Info:    ... okay on input line 53.
LaTeX Font Info:    Checking defaults for OMX/cmex/m/n on input line 53.
LaTeX Font Info:    ... okay on input line 53.
LaTeX Font Info:    Checking defaults for U/cmr/m/n on input line 53.
LaTeX Font Info:    ... okay on input line 53.
LaTeX Font Info:    Checking defaults for PD1/pdf/m/n on input line 53.
LaTeX Font Info:    ... okay on input line 53.
LaTeX Font Info:    Checking defaults for PU/pdf/m/n on input line 53.
LaTeX Font Info:    ... okay on input line 53.

*geometry* driver: auto-detecting
*geometry* detected driver: pdftex
*geometry* verbose mode - [ preamble ] result:
* driver: pdftex
* paper: custom
* layout: <same size as paper>
* layoutoffset:(h,v)=(0.0pt,0.0pt)
* modes: includehead includefoot 
* h-part:(L,W,R)=(10.95003pt, 342.2953pt, 10.95003pt)
* v-part:(T,H,B)=(0.0pt, 273.14662pt, 0.0pt)
* \paperwidth=364.19536pt
* \paperheight=273.14662pt
* \textwidth=342.2953pt
* \textheight=244.6939pt
* \oddsidemargin=-61.31996pt
* \evensidemargin=-61.31996pt
* \topmargin=-72.26999pt
* \headheight=14.22636pt
* \headsep=0.0pt
* \topskip=11.0pt
* \footskip=14.22636pt
* \marginparwidth=4.0pt
* \marginparsep=10.0pt
* \columnsep=10.0pt
* \skip\footins=10.0pt plus 4.0pt minus 2.0pt
* \hoffset=0.0pt
* \voffset=0.0pt
* \mag=1000
* \@twocolumnfalse
* \@twosidefalse
* \@mparswitchfalse
* \@reversemarginfalse
* (1in=72.27pt=25.4mm, 1cm=28.453pt)

(C:\Program Files\MiKTeX\tex/context/base/mkii\supp-pdf.mkii
[Loading MPS to PDF converter (version 2006.09.02).]
\scratchcounter=\count372
\scratchdimen=\dimen329
\scratchbox=\box89
\nofMPsegments=\count373
\nofMParguments=\count374
\everyMPshowfont=\toks60
\MPscratchCnt=\count375
\MPscratchDim=\dimen330
\MPnumerator=\count376
\makeMPintoPDFobject=\count377
\everyMPtoPDFconversion=\toks61
) (C:\Program Files\MiKTeX\tex/latex/epstopdf-pkg\epstopdf-base.sty
Package: epstopdf-base 2020-01-24 v2.11 Base part for package epstopdf
Package epstopdf-base Info: Redefining graphics rule for `.eps' on input line 4
85.

(C:\Program Files\MiKTeX\tex/latex/00miktex\epstopdf-sys.cfg
File: epstopdf-sys.cfg 2021/03/18 v2.0 Configuration of epstopdf for MiKTeX
))
Package hyperref Info: Link coloring OFF on input line 53.
 (TC_tema_2.out)
(TC_tema_2.out)
\@outlinefile=\write8
\openout8 = `TC_tema_2.out'.


(C:\Program Files\MiKTeX\tex/latex/translator\translator-basic-dictionary-Engli
sh.dict
Dictionary: translator-basic-dictionary, Language: English 
)
(C:\Program Files\MiKTeX\tex/latex/translator\translator-bibliography-dictionar
y-English.dict
Dictionary: translator-bibliography-dictionary, Language: English 
)
(C:\Program Files\MiKTeX\tex/latex/translator\translator-environment-dictionary
-English.dict
Dictionary: translator-environment-dictionary, Language: English 
)
(C:\Program Files\MiKTeX\tex/latex/translator\translator-months-dictionary-Engl
ish.dict
Dictionary: translator-months-dictionary, Language: English 
)
(C:\Program Files\MiKTeX\tex/latex/translator\translator-numbers-dictionary-Eng
lish.dict
Dictionary: translator-numbers-dictionary, Language: English 
)
(C:\Program Files\MiKTeX\tex/latex/translator\translator-theorem-dictionary-Eng
lish.dict
Dictionary: translator-theorem-dictionary, Language: English 
) (TC_tema_2.nav)

LaTeX Font Warning: Font shape `OT1/cmss/m/sc' in size <14.4> not available
(Font)              Font shape `OT1/cmr/m/sc' tried instead on input line 58.


LaTeX Font Warning: Font shape `OT1/cmss/m/sc' in size <10.95> not available
(Font)              Font shape `OT1/cmr/m/sc' tried instead on input line 58.

[1
Non-PDF special ignored!
<special> header=psfrag.pro
Non-PDF special ignored!
<special> header=pstricks.pro
Non-PDF special ignored!
<special> header=pst-algparser.pro
Non-PDF special ignored!
<special> header=pst-tools.pro
Non-PDF special ignored!
<special> header=pst-dots.pro

Non-PDF special ignored!
<special> ps: /pssetRGBcolor /setrgbcolor load def /pssetCMYKcolor /setcmyk...
Non-PDF special ignored!
<special> ps:tx@Dict begin  gsave STV CP T /ps@rot 0 def grestore  end
Non-PDF special ignored!
<special> ps:tx@Dict begin  gsave STV CP T /ps@refangle 0.  def grestore  e...
{C:/Users/migan/AppData/Local/MiKTeX/fonts/map/pdftex/pdftex.map}]
(TC_tema_2.toc) [2

] (TC_tema_2.toc) [3

]
LaTeX Font Info:    Trying to load font information for U+msa on input line 121
.

(C:\Program Files\MiKTeX\tex/latex/amsfonts\umsa.fd
File: umsa.fd 2013/01/14 v3.01 AMS symbols A
)
LaTeX Font Info:    Trying to load font information for U+msb on input line 121
.

(C:\Program Files\MiKTeX\tex/latex/amsfonts\umsb.fd
File: umsb.fd 2013/01/14 v3.01 AMS symbols B
)
Package epstopdf Info: Source file: <./figuras_tema_2/f_tension.eps>
(epstopdf)                    date: 2025-06-13 20:01:24
(epstopdf)                    size: 56890 bytes
(epstopdf)             Output file: <./figuras_tema_2/f_tension-eps-converted-t
o.pdf>
(epstopdf)                    date: 2025-06-13 20:01:34
(epstopdf)                    size: 21253 bytes
(epstopdf)             Command: <miktex-epstopdf --outfile=./figuras_tema_2/f_t
ension-eps-converted-to.pdf ./figuras_tema_2/f_tension.eps>
(epstopdf)             \includegraphics on input line 121.
Package epstopdf Info: Output file is already uptodate.


pdfTeX warning: pdflatex.exe (file ./figuras_tema_2/f_tension-eps-converted-to.
pdf): PDF inclusion: found PDF version <1.7>, but at most version <1.5> allowed

<./figuras_tema_2/f_tension-eps-converted-to.pdf, id=116, 53.19875pt x 42.1575p
t>
File: ./figuras_tema_2/f_tension-eps-converted-to.pdf Graphic file (type pdf)
<use ./figuras_tema_2/f_tension-eps-converted-to.pdf>
Package pdftex.def Info: ./figuras_tema_2/f_tension-eps-converted-to.pdf  used 
on input line 121.
(pdftex.def)             Requested size: 53.85774pt x 42.67912pt.
Package epstopdf Info: Source file: <./figuras_tema_2/f_tension_2.eps>
(epstopdf)                    date: 2024-12-16 12:06:20
(epstopdf)                    size: 37813 bytes
(epstopdf)             Output file: <./figuras_tema_2/f_tension_2-eps-converted
-to.pdf>
(epstopdf)                    date: 2025-05-11 19:11:06
(epstopdf)                    size: 14427 bytes
(epstopdf)             Command: <miktex-epstopdf --outfile=./figuras_tema_2/f_t
ension_2-eps-converted-to.pdf ./figuras_tema_2/f_tension_2.eps>
(epstopdf)             \includegraphics on input line 121.
Package epstopdf Info: Output file is already uptodate.


pdfTeX warning: pdflatex.exe (file ./figuras_tema_2/f_tension_2-eps-converted-t
o.pdf): PDF inclusion: found PDF version <1.7>, but at most version <1.5> allow
ed
<./figuras_tema_2/f_tension_2-eps-converted-to.pdf, id=117, 122.4575pt x 55.206
25pt>
File: ./figuras_tema_2/f_tension_2-eps-converted-to.pdf Graphic file (type pdf)

<use ./figuras_tema_2/f_tension_2-eps-converted-to.pdf>
Package pdftex.def Info: ./figuras_tema_2/f_tension_2-eps-converted-to.pdf  use
d on input line 121.
(pdftex.def)             Requested size: 126.2335pt x 56.9055pt.
Package epstopdf Info: Source file: <./figuras_tema_2/f_tension_incom.eps>
(epstopdf)                    date: 2024-12-16 12:06:20
(epstopdf)                    size: 43011 bytes
(epstopdf)             Output file: <./figuras_tema_2/f_tension_incom-eps-conve
rted-to.pdf>
(epstopdf)                    date: 2025-05-11 19:11:07
(epstopdf)                    size: 15768 bytes
(epstopdf)             Command: <miktex-epstopdf --outfile=./figuras_tema_2/f_t
ension_incom-eps-converted-to.pdf ./figuras_tema_2/f_tension_incom.eps>
(epstopdf)             \includegraphics on input line 121.
Package epstopdf Info: Output file is already uptodate.


pdfTeX warning: pdflatex.exe (file ./figuras_tema_2/f_tension_incom-eps-convert
ed-to.pdf): PDF inclusion: found PDF version <1.7>, but at most version <1.5> a
llowed
<./figuras_tema_2/f_tension_incom-eps-converted-to.pdf, id=118, 149.55875pt x 6
4.24pt>
File: ./figuras_tema_2/f_tension_incom-eps-converted-to.pdf Graphic file (type 
pdf)
<use ./figuras_tema_2/f_tension_incom-eps-converted-to.pdf>
Package pdftex.def Info: ./figuras_tema_2/f_tension_incom-eps-converted-to.pdf 
 used on input line 121.
(pdftex.def)             Requested size: 132.48613pt x 56.9055pt.
[4

 <./figuras_tema_2/f_tension-eps-converted-to.pdf> <./figuras_tema_2/f_tension_
2-eps-converted-to.pdf> <./figuras_tema_2/f_tension_incom-eps-converted-to.pdf>
]
Package epstopdf Info: Source file: <./figuras_tema_2/f_intensidad.eps>
(epstopdf)                    date: 2025-06-13 20:04:20
(epstopdf)                    size: 59335 bytes
(epstopdf)             Output file: <./figuras_tema_2/f_intensidad-eps-converte
d-to.pdf>
(epstopdf)                    date: 2025-06-13 20:04:34
(epstopdf)                    size: 22052 bytes
(epstopdf)             Command: <miktex-epstopdf --outfile=./figuras_tema_2/f_i
ntensidad-eps-converted-to.pdf ./figuras_tema_2/f_intensidad.eps>
(epstopdf)             \includegraphics on input line 173.
Package epstopdf Info: Output file is already uptodate.


pdfTeX warning: pdflatex.exe (file ./figuras_tema_2/f_intensidad-eps-converted-
to.pdf): PDF inclusion: found PDF version <1.7>, but at most version <1.5> allo
wed
<./figuras_tema_2/f_intensidad-eps-converted-to.pdf, id=162, 54.2025pt x 62.232
5pt>
File: ./figuras_tema_2/f_intensidad-eps-converted-to.pdf Graphic file (type pdf
)
<use ./figuras_tema_2/f_intensidad-eps-converted-to.pdf>
Package pdftex.def Info: ./figuras_tema_2/f_intensidad-eps-converted-to.pdf  us
ed on input line 173.
(pdftex.def)             Requested size: 57.00195pt x 65.44142pt.
Package epstopdf Info: Source file: <./figuras_tema_2/f_int_incom.eps>
(epstopdf)                    date: 2024-12-16 12:06:20
(epstopdf)                    size: 33919 bytes
(epstopdf)             Output file: <./figuras_tema_2/f_int_incom-eps-converted
-to.pdf>
(epstopdf)                    date: 2025-05-11 19:18:03
(epstopdf)                    size: 12543 bytes
(epstopdf)             Command: <miktex-epstopdf --outfile=./figuras_tema_2/f_i
nt_incom-eps-converted-to.pdf ./figuras_tema_2/f_int_incom.eps>
(epstopdf)             \includegraphics on input line 173.
Package epstopdf Info: Output file is already uptodate.


pdfTeX warning: pdflatex.exe (file ./figuras_tema_2/f_int_incom-eps-converted-t
o.pdf): PDF inclusion: found PDF version <1.7>, but at most version <1.5> allow
ed
<./figuras_tema_2/f_int_incom-eps-converted-to.pdf, id=163, 146.5475pt x 65.243
74pt>
File: ./figuras_tema_2/f_int_incom-eps-converted-to.pdf Graphic file (type pdf)

<use ./figuras_tema_2/f_int_incom-eps-converted-to.pdf>
Package pdftex.def Info: ./figuras_tema_2/f_int_incom-eps-converted-to.pdf  use
d on input line 173.
(pdftex.def)             Requested size: 127.8195pt x 56.9055pt.
[5

 <./figuras_tema_2/f_intensidad-eps-converted-to.pdf> <./figuras_tema_2/f_int_i
ncom-eps-converted-to.pdf>] (TC_tema_2.toc) [6

]
Package epstopdf Info: Source file: <./figuras_tema_2/f_tension_serie.eps>
(epstopdf)                    date: 2024-12-16 12:06:20
(epstopdf)                    size: 47407 bytes
(epstopdf)             Output file: <./figuras_tema_2/f_tension_serie-eps-conve
rted-to.pdf>
(epstopdf)                    date: 2025-05-11 19:20:23
(epstopdf)                    size: 15706 bytes
(epstopdf)             Command: <miktex-epstopdf --outfile=./figuras_tema_2/f_t
ension_serie-eps-converted-to.pdf ./figuras_tema_2/f_tension_serie.eps>
(epstopdf)             \includegraphics on input line 194.
Package epstopdf Info: Output file is already uptodate.


pdfTeX warning: pdflatex.exe (file ./figuras_tema_2/f_tension_serie-eps-convert
ed-to.pdf): PDF inclusion: found PDF version <1.7>, but at most version <1.5> a
llowed
<./figuras_tema_2/f_tension_serie-eps-converted-to.pdf, id=203, 177.66376pt x 3
7.13875pt>
File: ./figuras_tema_2/f_tension_serie-eps-converted-to.pdf Graphic file (type 
pdf)
<use ./figuras_tema_2/f_tension_serie-eps-converted-to.pdf>
Package pdftex.def Info: ./figuras_tema_2/f_tension_serie-eps-converted-to.pdf 
 used on input line 194.
(pdftex.def)             Requested size: 176.95305pt x 36.98866pt.
Package epstopdf Info: Source file: <./figuras_tema_2/f_int_paralelo.eps>
(epstopdf)                    date: 2024-12-16 12:06:20
(epstopdf)                    size: 38199 bytes
(epstopdf)             Output file: <./figuras_tema_2/f_int_paralelo-eps-conver
ted-to.pdf>
(epstopdf)                    date: 2025-05-11 19:20:24
(epstopdf)                    size: 11892 bytes
(epstopdf)             Command: <miktex-epstopdf --outfile=./figuras_tema_2/f_i
nt_paralelo-eps-converted-to.pdf ./figuras_tema_2/f_int_paralelo.eps>
(epstopdf)             \includegraphics on input line 194.
Package epstopdf Info: Output file is already uptodate.


pdfTeX warning: pdflatex.exe (file ./figuras_tema_2/f_int_paralelo-eps-converte
d-to.pdf): PDF inclusion: found PDF version <1.7>, but at most version <1.5> al
lowed
<./figuras_tema_2/f_int_paralelo-eps-converted-to.pdf, id=204, 195.73125pt x 60
.225pt>
File: ./figuras_tema_2/f_int_paralelo-eps-converted-to.pdf Graphic file (type p
df)
<use ./figuras_tema_2/f_int_paralelo-eps-converted-to.pdf>
Package pdftex.def Info: ./figuras_tema_2/f_int_paralelo-eps-converted-to.pdf  
used on input line 194.
(pdftex.def)             Requested size: 184.94907pt x 56.9055pt.
[7

 <./figuras_tema_2/f_tension_serie-eps-converted-to.pdf> <./figuras_tema_2/f_in
t_paralelo-eps-converted-to.pdf>] (TC_tema_2.toc) [8

]
Package epstopdf Info: Source file: <./figuras_tema_2/R.eps>
(epstopdf)                    date: 2024-12-16 12:06:20
(epstopdf)                    size: 26872 bytes
(epstopdf)             Output file: <./figuras_tema_2/R-eps-converted-to.pdf>
(epstopdf)                    date: 2025-05-11 19:21:32
(epstopdf)                    size: 10310 bytes
(epstopdf)             Command: <miktex-epstopdf --outfile=./figuras_tema_2/R-e
ps-converted-to.pdf ./figuras_tema_2/R.eps>
(epstopdf)             \includegraphics on input line 277.
Package epstopdf Info: Output file is already uptodate.


pdfTeX warning: pdflatex.exe (file ./figuras_tema_2/R-eps-converted-to.pdf): PD
F inclusion: found PDF version <1.7>, but at most version <1.5> allowed
<./figuras_tema_2/R-eps-converted-to.pdf, id=241, 51.19125pt x 58.2175pt>
File: ./figuras_tema_2/R-eps-converted-to.pdf Graphic file (type pdf)
<use ./figuras_tema_2/R-eps-converted-to.pdf>
Package pdftex.def Info: ./figuras_tema_2/R-eps-converted-to.pdf  used on input
 line 277.
(pdftex.def)             Requested size: 62.55319pt x 71.13188pt.
[9

 <./figuras_tema_2/R-eps-converted-to.pdf>]
<./figuras_tema_2/CC_MAGC.png, id=262, 133.6995pt x 77.088pt>
File: ./figuras_tema_2/CC_MAGC.png Graphic file (type png)
<use ./figuras_tema_2/CC_MAGC.png>
Package pdftex.def Info: ./figuras_tema_2/CC_MAGC.png  used on input line 335.
(pdftex.def)             Requested size: 74.02252pt x 42.67912pt.
<./figuras_tema_2/CA_MAGC.png, id=264, 115.02975pt x 78.2925pt>
File: ./figuras_tema_2/CA_MAGC.png Graphic file (type png)
<use ./figuras_tema_2/CA_MAGC.png>
Package pdftex.def Info: ./figuras_tema_2/CA_MAGC.png  used on input line 335.
(pdftex.def)             Requested size: 62.70663pt x 42.67912pt.
Package epstopdf Info: Source file: <./figuras_tema_2/c_abierto.eps>
(epstopdf)                    date: 2024-12-16 12:06:18
(epstopdf)                    size: 3008 bytes
(epstopdf)             Output file: <./figuras_tema_2/c_abierto-eps-converted-t
o.pdf>
(epstopdf)                    date: 2025-05-11 19:21:36
(epstopdf)                    size: 2621 bytes
(epstopdf)             Command: <miktex-epstopdf --outfile=./figuras_tema_2/c_a
bierto-eps-converted-to.pdf ./figuras_tema_2/c_abierto.eps>
(epstopdf)             \includegraphics on input line 335.
Package epstopdf Info: Output file is already uptodate.


pdfTeX warning: pdflatex.exe (file ./figuras_tema_2/c_abierto-eps-converted-to.
pdf): PDF inclusion: found PDF version <1.7>, but at most version <1.5> allowed

<./figuras_tema_2/c_abierto-eps-converted-to.pdf, id=267, 30.1125pt x 8.03pt>
File: ./figuras_tema_2/c_abierto-eps-converted-to.pdf Graphic file (type pdf)
<use ./figuras_tema_2/c_abierto-eps-converted-to.pdf>
Package pdftex.def Info: ./figuras_tema_2/c_abierto-eps-converted-to.pdf  used 
on input line 335.
(pdftex.def)             Requested size: 42.67912pt x 11.38219pt.
Package epstopdf Info: Source file: <./figuras_tema_2/c_circuito.eps>
(epstopdf)                    date: 2024-12-16 12:06:18
(epstopdf)                    size: 2997 bytes
(epstopdf)             Output file: <./figuras_tema_2/c_circuito-eps-converted-
to.pdf>
(epstopdf)                    date: 2025-05-11 19:21:34
(epstopdf)                    size: 2618 bytes
(epstopdf)             Command: <miktex-epstopdf --outfile=./figuras_tema_2/c_c
ircuito-eps-converted-to.pdf ./figuras_tema_2/c_circuito.eps>
(epstopdf)             \includegraphics on input line 335.
Package epstopdf Info: Output file is already uptodate.


pdfTeX warning: pdflatex.exe (file ./figuras_tema_2/c_circuito-eps-converted-to
.pdf): PDF inclusion: found PDF version <1.7>, but at most version <1.5> allowe
d
<./figuras_tema_2/c_circuito-eps-converted-to.pdf, id=268, 30.1125pt x 5.01875p
t>
File: ./figuras_tema_2/c_circuito-eps-converted-to.pdf Graphic file (type pdf)
<use ./figuras_tema_2/c_circuito-eps-converted-to.pdf>
Package pdftex.def Info: ./figuras_tema_2/c_circuito-eps-converted-to.pdf  used
 on input line 335.
(pdftex.def)             Requested size: 42.67912pt x 7.11386pt.

Overfull \vbox (2.72214pt too high) detected at line 335
 []

[10

 <./figuras_tema_2/CC_MAGC.png> <./figuras_tema_2/CA_MAGC.png> <./figuras_tema_
2/c_abierto-eps-converted-to.pdf> <./figuras_tema_2/c_circuito-eps-converted-to
.pdf>] (TC_tema_2.toc) [11

]
Package epstopdf Info: Source file: <./figuras_tema_2/serie_R.eps>
(epstopdf)                    date: 2024-12-16 12:06:20
(epstopdf)                    size: 72110 bytes
(epstopdf)             Output file: <./figuras_tema_2/serie_R-eps-converted-to.
pdf>
(epstopdf)                    date: 2025-05-11 20:11:48
(epstopdf)                    size: 23994 bytes
(epstopdf)             Command: <miktex-epstopdf --outfile=./figuras_tema_2/ser
ie_R-eps-converted-to.pdf ./figuras_tema_2/serie_R.eps>
(epstopdf)             \includegraphics on input line 366.
Package epstopdf Info: Output file is already uptodate.


pdfTeX warning: pdflatex.exe (file ./figuras_tema_2/serie_R-eps-converted-to.pd
f): PDF inclusion: found PDF version <1.7>, but at most version <1.5> allowed
<./figuras_tema_2/serie_R-eps-converted-to.pdf, id=302, 235.88126pt x 44.165pt>

File: ./figuras_tema_2/serie_R-eps-converted-to.pdf Graphic file (type pdf)
<use ./figuras_tema_2/serie_R-eps-converted-to.pdf>
Package pdftex.def Info: ./figuras_tema_2/serie_R-eps-converted-to.pdf  used on
 input line 366.
(pdftex.def)             Requested size: 227.9479pt x 42.67912pt.
[12

 <./figuras_tema_2/serie_R-eps-converted-to.pdf>]
Overfull \hbox (1.50487pt too wide) in paragraph at lines 399--399
[]\OT1/cmss/m/n/10.95 Dos el-e-men-tos est^^San \OT1/cmss/bx/n/10.95 en par-ale
lo \OT1/cmss/m/n/10.95 cuando est^^San someti-dos a la misma tensi^^Son.[][] 
 []

Package epstopdf Info: Source file: <./figuras_tema_2/paralelo_R.eps>
(epstopdf)                    date: 2024-12-16 12:06:20
(epstopdf)                    size: 72015 bytes
(epstopdf)             Output file: <./figuras_tema_2/paralelo_R-eps-converted-
to.pdf>
(epstopdf)                    date: 2025-05-11 20:15:36
(epstopdf)                    size: 22674 bytes
(epstopdf)             Command: <miktex-epstopdf --outfile=./figuras_tema_2/par
alelo_R-eps-converted-to.pdf ./figuras_tema_2/paralelo_R.eps>
(epstopdf)             \includegraphics on input line 399.
Package epstopdf Info: Output file is already uptodate.


pdfTeX warning: pdflatex.exe (file ./figuras_tema_2/paralelo_R-eps-converted-to
.pdf): PDF inclusion: found PDF version <1.7>, but at most version <1.5> allowe
d
<./figuras_tema_2/paralelo_R-eps-converted-to.pdf, id=323, 190.7125pt x 59.2212
5pt>
File: ./figuras_tema_2/paralelo_R-eps-converted-to.pdf Graphic file (type pdf)
<use ./figuras_tema_2/paralelo_R-eps-converted-to.pdf>
Package pdftex.def Info: ./figuras_tema_2/paralelo_R-eps-converted-to.pdf  used
 on input line 399.
(pdftex.def)             Requested size: 183.25941pt x 56.9055pt.

Overfull \vbox (5.70323pt too high) detected at line 399
 []

[13

 <./figuras_tema_2/paralelo_R-eps-converted-to.pdf>]
Package epstopdf Info: Source file: <./figuras_tema_2/configuracion_estrella_tr
iangulo.eps>
(epstopdf)                    date: 2024-12-16 12:06:18
(epstopdf)                    size: 379041 bytes
(epstopdf)             Output file: <./figuras_tema_2/configuracion_estrella_tr
iangulo-eps-converted-to.pdf>
(epstopdf)                    date: 2025-05-11 20:20:21
(epstopdf)                    size: 101899 bytes
(epstopdf)             Command: <miktex-epstopdf --outfile=./figuras_tema_2/con
figuracion_estrella_triangulo-eps-converted-to.pdf ./figuras_tema_2/configuraci
on_estrella_triangulo.eps>
(epstopdf)             \includegraphics on input line 412.
Package epstopdf Info: Output file is already uptodate.


pdfTeX warning: pdflatex.exe (file ./figuras_tema_2/configuracion_estrella_tria
ngulo-eps-converted-to.pdf): PDF inclusion: found PDF version <1.7>, but at mos
t version <1.5> allowed
<./figuras_tema_2/configuracion_estrella_triangulo-eps-converted-to.pdf, id=345
, 346.29375pt x 271.0125pt>
File: ./figuras_tema_2/configuracion_estrella_triangulo-eps-converted-to.pdf Gr
aphic file (type pdf)
<use ./figuras_tema_2/configuracion_estrella_triangulo-eps-converted-to.pdf>
Package pdftex.def Info: ./figuras_tema_2/configuracion_estrella_triangulo-eps-
converted-to.pdf  used on input line 412.
(pdftex.def)             Requested size: 272.68134pt x 213.39566pt.

Overfull \vbox (3.39168pt too high) detected at line 412
 []

[14

 <./figuras_tema_2/configuracion_estrella_triangulo-eps-converted-to.pdf>]
(TC_tema_2.toc) [15

]
Package epstopdf Info: Source file: <./figuras_tema_2/Superposicion.eps>
(epstopdf)                    date: 2024-12-16 12:06:20
(epstopdf)                    size: 209256 bytes
(epstopdf)             Output file: <./figuras_tema_2/Superposicion-eps-convert
ed-to.pdf>
(epstopdf)                    date: 2025-05-11 20:21:17
(epstopdf)                    size: 58276 bytes
(epstopdf)             Command: <miktex-epstopdf --outfile=./figuras_tema_2/Sup
erposicion-eps-converted-to.pdf ./figuras_tema_2/Superposicion.eps>
(epstopdf)             \includegraphics on input line 436.
Package epstopdf Info: Output file is already uptodate.


pdfTeX warning: pdflatex.exe (file ./figuras_tema_2/Superposicion-eps-converted
-to.pdf): PDF inclusion: found PDF version <1.7>, but at most version <1.5> all
owed
<./figuras_tema_2/Superposicion-eps-converted-to.pdf, id=374, 457.71pt x 113.42
375pt>
File: ./figuras_tema_2/Superposicion-eps-converted-to.pdf Graphic file (type pd
f)
<use ./figuras_tema_2/Superposicion-eps-converted-to.pdf>
Package pdftex.def Info: ./figuras_tema_2/Superposicion-eps-converted-to.pdf  u
sed on input line 436.
(pdftex.def)             Requested size: 344.45499pt x 85.35826pt.

Overfull \hbox (2.15968pt too wide) in paragraph at lines 436--436
 [] 
 []

[16

 <./figuras_tema_2/Superposicion-eps-converted-to.pdf>]
Package epstopdf Info: Source file: <./figuras_tema_2/Superposicion_1.eps>
(epstopdf)                    date: 2024-12-16 12:06:20
(epstopdf)                    size: 213577 bytes
(epstopdf)             Output file: <./figuras_tema_2/Superposicion_1-eps-conve
rted-to.pdf>
(epstopdf)                    date: 2025-05-11 20:23:53
(epstopdf)                    size: 59731 bytes
(epstopdf)             Command: <miktex-epstopdf --outfile=./figuras_tema_2/Sup
erposicion_1-eps-converted-to.pdf ./figuras_tema_2/Superposicion_1.eps>
(epstopdf)             \includegraphics on input line 454.
Package epstopdf Info: Output file is already uptodate.


pdfTeX warning: pdflatex.exe (file ./figuras_tema_2/Superposicion_1-eps-convert
ed-to.pdf): PDF inclusion: found PDF version <1.7>, but at most version <1.5> a
llowed
<./figuras_tema_2/Superposicion_1-eps-converted-to.pdf, id=390, 416.55624pt x 2
09.78375pt>
File: ./figuras_tema_2/Superposicion_1-eps-converted-to.pdf Graphic file (type 
pdf)
<use ./figuras_tema_2/Superposicion_1-eps-converted-to.pdf>
Package pdftex.def Info: ./figuras_tema_2/Superposicion_1-eps-converted-to.pdf 
 used on input line 454.
(pdftex.def)             Requested size: 338.98503pt x 170.71652pt.
[17

 <./figuras_tema_2/Superposicion_1-eps-converted-to.pdf>]
Package epstopdf Info: Source file: <./figuras_tema_2/Ej_super.eps>
(epstopdf)                    date: 2025-06-13 20:06:13
(epstopdf)                    size: 25638 bytes
(epstopdf)             Output file: <./figuras_tema_2/Ej_super-eps-converted-to
.pdf>
(epstopdf)                    date: 2025-06-13 20:06:35
(epstopdf)                    size: 18102 bytes
(epstopdf)             Command: <miktex-epstopdf --outfile=./figuras_tema_2/Ej_
super-eps-converted-to.pdf ./figuras_tema_2/Ej_super.eps>
(epstopdf)             \includegraphics on input line 467.
Package epstopdf Info: Output file is already uptodate.


pdfTeX warning: pdflatex.exe (file ./figuras_tema_2/Ej_super-eps-converted-to.p
df): PDF inclusion: found PDF version <1.7>, but at most version <1.5> allowed
<./figuras_tema_2/Ej_super-eps-converted-to.pdf, id=406, 701.62125pt x 115.4312
4pt>
File: ./figuras_tema_2/Ej_super-eps-converted-to.pdf Graphic file (type pdf)
<use ./figuras_tema_2/Ej_super-eps-converted-to.pdf>
Package pdftex.def Info: ./figuras_tema_2/Ej_super-eps-converted-to.pdf  used o
n input line 467.
(pdftex.def)             Requested size: 311.2944pt x 51.21504pt.
[18

 <./figuras_tema_2/Ej_super-eps-converted-to.pdf>] (TC_tema_2.toc) [19

]
Package epstopdf Info: Source file: <./figuras_tema_2/circ_equivalentes.eps>
(epstopdf)                    date: 2024-12-16 12:06:18
(epstopdf)                    size: 180024 bytes
(epstopdf)             Output file: <./figuras_tema_2/circ_equivalentes-eps-con
verted-to.pdf>
(epstopdf)                    date: 2025-05-11 20:28:05
(epstopdf)                    size: 51281 bytes
(epstopdf)             Command: <miktex-epstopdf --outfile=./figuras_tema_2/cir
c_equivalentes-eps-converted-to.pdf ./figuras_tema_2/circ_equivalentes.eps>
(epstopdf)             \includegraphics on input line 491.
Package epstopdf Info: Output file is already uptodate.


pdfTeX warning: pdflatex.exe (file ./figuras_tema_2/circ_equivalentes-eps-conve
rted-to.pdf): PDF inclusion: found PDF version <1.7>, but at most version <1.5>
 allowed
<./figuras_tema_2/circ_equivalentes-eps-converted-to.pdf, id=435, 303.1325pt x 
82.3075pt>
File: ./figuras_tema_2/circ_equivalentes-eps-converted-to.pdf Graphic file (typ
e pdf)
<use ./figuras_tema_2/circ_equivalentes-eps-converted-to.pdf>
Package pdftex.def Info: ./figuras_tema_2/circ_equivalentes-eps-converted-to.pd
f  used on input line 491.
(pdftex.def)             Requested size: 314.37616pt x 85.35826pt.
[20

 <./figuras_tema_2/circ_equivalentes-eps-converted-to.pdf>] (TC_tema_2.toc)
[21

]
Package epstopdf Info: Source file: <./figuras_tema_2/regla_sustitucion.eps>
(epstopdf)                    date: 2024-12-16 12:06:20
(epstopdf)                    size: 160483 bytes
(epstopdf)             Output file: <./figuras_tema_2/regla_sustitucion-eps-con
verted-to.pdf>
(epstopdf)                    date: 2025-05-11 20:29:14
(epstopdf)                    size: 46694 bytes
(epstopdf)             Command: <miktex-epstopdf --outfile=./figuras_tema_2/reg
la_sustitucion-eps-converted-to.pdf ./figuras_tema_2/regla_sustitucion.eps>
(epstopdf)             \includegraphics on input line 517.
Package epstopdf Info: Output file is already uptodate.


pdfTeX warning: pdflatex.exe (file ./figuras_tema_2/regla_sustitucion-eps-conve
rted-to.pdf): PDF inclusion: found PDF version <1.7>, but at most version <1.5>
 allowed
<./figuras_tema_2/regla_sustitucion-eps-converted-to.pdf, id=468, 291.0875pt x 
135.50626pt>
File: ./figuras_tema_2/regla_sustitucion-eps-converted-to.pdf Graphic file (typ
e pdf)
<use ./figuras_tema_2/regla_sustitucion-eps-converted-to.pdf>
Package pdftex.def Info: ./figuras_tema_2/regla_sustitucion-eps-converted-to.pd
f  used on input line 517.
(pdftex.def)             Requested size: 232.26624pt x 108.12054pt.
[22

 <./figuras_tema_2/regla_sustitucion-eps-converted-to.pdf>] (TC_tema_2.toc)
[23

]
Package epstopdf Info: Source file: <./figuras_tema_2/desacop_tension.eps>
(epstopdf)                    date: 2024-12-16 12:06:20
(epstopdf)                    size: 110947 bytes
(epstopdf)             Output file: <./figuras_tema_2/desacop_tension-eps-conve
rted-to.pdf>
(epstopdf)                    date: 2025-05-11 20:34:39
(epstopdf)                    size: 36149 bytes
(epstopdf)             Command: <miktex-epstopdf --outfile=./figuras_tema_2/des
acop_tension-eps-converted-to.pdf ./figuras_tema_2/desacop_tension.eps>
(epstopdf)             \includegraphics on input line 540.
Package epstopdf Info: Output file is already uptodate.


pdfTeX warning: pdflatex.exe (file ./figuras_tema_2/desacop_tension-eps-convert
ed-to.pdf): PDF inclusion: found PDF version <1.7>, but at most version <1.5> a
llowed
<./figuras_tema_2/desacop_tension-eps-converted-to.pdf, id=501, 330.23375pt x 7
3.27374pt>
File: ./figuras_tema_2/desacop_tension-eps-converted-to.pdf Graphic file (type 
pdf)
<use ./figuras_tema_2/desacop_tension-eps-converted-to.pdf>
Package pdftex.def Info: ./figuras_tema_2/desacop_tension-eps-converted-to.pdf 
 used on input line 540.
(pdftex.def)             Requested size: 294.93504pt x 65.44142pt.
Package epstopdf Info: Source file: <./figuras_tema_2/desacop_intensidad.eps>
(epstopdf)                    date: 2024-12-16 12:06:20
(epstopdf)                    size: 110367 bytes
(epstopdf)             Output file: <./figuras_tema_2/desacop_intensidad-eps-co
nverted-to.pdf>
(epstopdf)                    date: 2025-05-11 20:34:41
(epstopdf)                    size: 36289 bytes
(epstopdf)             Command: <miktex-epstopdf --outfile=./figuras_tema_2/des
acop_intensidad-eps-converted-to.pdf ./figuras_tema_2/desacop_intensidad.eps>
(epstopdf)             \includegraphics on input line 540.
Package epstopdf Info: Output file is already uptodate.


pdfTeX warning: pdflatex.exe (file ./figuras_tema_2/desacop_intensidad-eps-conv
erted-to.pdf): PDF inclusion: found PDF version <1.7>, but at most version <1.5
> allowed
<./figuras_tema_2/desacop_intensidad-eps-converted-to.pdf, id=502, 330.23375pt 
x 86.3225pt>
File: ./figuras_tema_2/desacop_intensidad-eps-converted-to.pdf Graphic file (ty
pe pdf)
<use ./figuras_tema_2/desacop_intensidad-eps-converted-to.pdf>
Package pdftex.def Info: ./figuras_tema_2/desacop_intensidad-eps-converted-to.p
df  used on input line 540.
(pdftex.def)             Requested size: 293.89198pt x 76.82234pt.

Overfull \vbox (9.93541pt too high) detected at line 540
 []

[24

 <./figuras_tema_2/desacop_tension-eps-converted-to.pdf> <./figuras_tema_2/desa
cop_intensidad-eps-converted-to.pdf>]
Underfull \hbox (badness 2050) in paragraph at lines 555--555
[]\OT1/cmss/m/n/10.95 Conocidos los datos in-di-ca-dos y sa-bi-endo que los cir
-cuitos CA y
 []

Package epstopdf Info: Source file: <./figuras_tema_2/Ej_desacople.eps>
(epstopdf)                    date: 2025-01-10 19:28:04
(epstopdf)                    size: 16013 bytes
(epstopdf)             Output file: <./figuras_tema_2/Ej_desacople-eps-converte
d-to.pdf>
(epstopdf)                    date: 2025-05-11 20:37:31
(epstopdf)                    size: 14753 bytes
(epstopdf)             Command: <miktex-epstopdf --outfile=./figuras_tema_2/Ej_
desacople-eps-converted-to.pdf ./figuras_tema_2/Ej_desacople.eps>
(epstopdf)             \includegraphics on input line 555.
Package epstopdf Info: Output file is already uptodate.


pdfTeX warning: pdflatex.exe (file ./figuras_tema_2/Ej_desacople-eps-converted-
to.pdf): PDF inclusion: found PDF version <1.7>, but at most version <1.5> allo
wed
<./figuras_tema_2/Ej_desacople-eps-converted-to.pdf, id=524, 558.085pt x 274.02
374pt>
File: ./figuras_tema_2/Ej_desacople-eps-converted-to.pdf Graphic file (type pdf
)
<use ./figuras_tema_2/Ej_desacople-eps-converted-to.pdf>
Package pdftex.def Info: ./figuras_tema_2/Ej_desacople-eps-converted-to.pdf  us
ed on input line 555.
(pdftex.def)             Requested size: 202.81796pt x 99.58464pt.
[25

 <./figuras_tema_2/Ej_desacople-eps-converted-to.pdf>]
\tf@nav=\write9
\openout9 = `TC_tema_2.nav'.

\tf@toc=\write10
\openout10 = `TC_tema_2.toc'.

\tf@snm=\write11
\openout11 = `TC_tema_2.snm'.

 (TC_tema_2.aux)
Package rerunfilecheck Info: File `TC_tema_2.out' has not changed.
(rerunfilecheck)             Checksum: FFB7901AAE774E351E387C6E03EDF7DA;1599.
 ) 
Here is how much of TeX's memory you used:
 25668 strings out of 476361
 498540 string characters out of 5797861
 1868993 words of memory out of 5000000
 45415 multiletter control sequences out of 15000+600000
 519942 words of font info for 60 fonts, out of 8000000 for 9000
 1141 hyphenation exceptions out of 8191
 128i,16n,122p,416b,917s stack positions out of 10000i,1000n,20000p,200000b,200000s
<C:/Program Files/MiKTeX/fonts/type1/public/amsfonts/cm/cmcsc10.pfb><C:/Progr
am Files/MiKTeX/fonts/type1/public/amsfonts/cm/cmex10.pfb><C:/Program Files/MiK
TeX/fonts/type1/public/amsfonts/cm/cmmi10.pfb><C:/Program Files/MiKTeX/fonts/ty
pe1/public/amsfonts/cm/cmmi8.pfb><C:/Program Files/MiKTeX/fonts/type1/public/am
sfonts/cm/cmr10.pfb><C:/Program Files/MiKTeX/fonts/type1/public/amsfonts/cm/cmr
8.pfb><C:/Program Files/MiKTeX/fonts/type1/public/amsfonts/cm/cmss10.pfb><C:/Pr
ogram Files/MiKTeX/fonts/type1/public/amsfonts/cm/cmss12.pfb><C:/Program Files/
MiKTeX/fonts/type1/public/amsfonts/cm/cmss8.pfb><C:/Program Files/MiKTeX/fonts/
type1/public/amsfonts/cm/cmssbx10.pfb><C:/Program Files/MiKTeX/fonts/type1/publ
ic/amsfonts/cm/cmsy10.pfb><C:/Program Files/MiKTeX/fonts/type1/public/amsfonts/
cm/cmsy8.pfb><C:/Program Files/MiKTeX/fonts/type1/public/amsfonts/symbols/msam1
0.pfb>
Output written on TC_tema_2.pdf (25 pages, 798604 bytes).
PDF statistics:
 608 PDF objects out of 1000 (max. 8388607)
 74 named destinations out of 1000 (max. 500000)
 280 words of extra memory for PDF output out of 10000 (max. 10000000)

