This is pdfTeX, Version 3.141592653-2.6-1.40.25 (MiKTeX 23.5) (preloaded format=pdflatex 2023.5.15)  24 MAY 2025 09:22
entering extended mode
 restricted \write18 enabled.
 %&-line parsing enabled.
**./TC_tema_11.tex
(TC_tema_11.tex
LaTeX2e <2022-11-01> patch level 1
L3 programming layer <2023-05-11>
(C:\Program Files\MiKTeX\tex/latex/beamer\beamer.cls
Document Class: beamer 2023/05/15 v3.70 A class for typesetting presentations
(C:\Program Files\MiKTeX\tex/latex/beamer\beamerbasemodes.sty
(C:\Program Files\MiKTeX\tex/latex/etoolbox\etoolbox.sty
Package: etoolbox 2020/10/05 v2.5k e-TeX tools for LaTeX (JAW)
\etb@tempcnta=\count185
)
\beamer@tempbox=\box51
\beamer@tempcount=\count186
\c@beamerpauses=\count187

(C:\Program Files\MiKTeX\tex/latex/beamer\beamerbasedecode.sty
\beamer@slideinframe=\count188
\beamer@minimum=\count189
\beamer@decode@box=\box52
)
\beamer@commentbox=\box53
\beamer@modecount=\count190
)
(C:\Program Files\MiKTeX\tex/generic/iftex\iftex.sty
Package: iftex 2022/02/03 v1.0f TeX engine tests
)
\headdp=\dimen140
\footheight=\dimen141
\sidebarheight=\dimen142
\beamer@tempdim=\dimen143
\beamer@finalheight=\dimen144
\beamer@animht=\dimen145
\beamer@animdp=\dimen146
\beamer@animwd=\dimen147
\beamer@leftmargin=\dimen148
\beamer@rightmargin=\dimen149
\beamer@leftsidebar=\dimen150
\beamer@rightsidebar=\dimen151
\beamer@boxsize=\dimen152
\beamer@vboxoffset=\dimen153
\beamer@descdefault=\dimen154
\beamer@descriptionwidth=\dimen155
\beamer@lastskip=\skip48
\beamer@areabox=\box54
\beamer@animcurrent=\box55
\beamer@animshowbox=\box56
\beamer@sectionbox=\box57
\beamer@logobox=\box58
\beamer@linebox=\box59
\beamer@sectioncount=\count191
\beamer@subsubsectionmax=\count192
\beamer@subsectionmax=\count193
\beamer@sectionmax=\count194
\beamer@totalheads=\count195
\beamer@headcounter=\count196
\beamer@partstartpage=\count197
\beamer@sectionstartpage=\count198
\beamer@subsectionstartpage=\count199
\beamer@animationtempa=\count266
\beamer@animationtempb=\count267
\beamer@xpos=\count268
\beamer@ypos=\count269
\beamer@ypos@offset=\count270
\beamer@showpartnumber=\count271
\beamer@currentsubsection=\count272
\beamer@coveringdepth=\count273
\beamer@sectionadjust=\count274
\beamer@toclastsection=\count275
\beamer@tocsectionnumber=\count276

(C:\Program Files\MiKTeX\tex/latex/beamer\beamerbaseoptions.sty
(C:\Program Files\MiKTeX\tex/latex/graphics\keyval.sty
Package: keyval 2022/05/29 v1.15 key=value parser (DPC)
\KV@toks@=\toks16
))
\beamer@paperwidth=\skip49
\beamer@paperheight=\skip50

(C:\Program Files\MiKTeX\tex/latex/geometry\geometry.sty
Package: geometry 2020/01/02 v5.9 Page Geometry

(C:\Program Files\MiKTeX\tex/generic/iftex\ifvtex.sty
Package: ifvtex 2019/10/25 v1.7 ifvtex legacy package. Use iftex instead.
)
\Gm@cnth=\count277
\Gm@cntv=\count278
\c@Gm@tempcnt=\count279
\Gm@bindingoffset=\dimen156
\Gm@wd@mp=\dimen157
\Gm@odd@mp=\dimen158
\Gm@even@mp=\dimen159
\Gm@layoutwidth=\dimen160
\Gm@layoutheight=\dimen161
\Gm@layouthoffset=\dimen162
\Gm@layoutvoffset=\dimen163
\Gm@dimlist=\toks17

(C:\Program Files\MiKTeX\tex/latex/geometry\geometry.cfg))
(C:\Program Files\MiKTeX\tex/latex/pgf/math\pgfmath.sty
(C:\Program Files\MiKTeX\tex/latex/pgf/utilities\pgfrcs.sty
(C:\Program Files\MiKTeX\tex/generic/pgf/utilities\pgfutil-common.tex
\pgfutil@everybye=\toks18
\pgfutil@tempdima=\dimen164
\pgfutil@tempdimb=\dimen165
)
(C:\Program Files\MiKTeX\tex/generic/pgf/utilities\pgfutil-latex.def
\pgfutil@abb=\box60
)
(C:\Program Files\MiKTeX\tex/generic/pgf/utilities\pgfrcs.code.tex
(C:\Program Files\MiKTeX\tex/generic/pgf\pgf.revision.tex)
Package: pgfrcs 2023-01-15 v3.1.10 (3.1.10)
))
(C:\Program Files\MiKTeX\tex/latex/pgf/utilities\pgfkeys.sty
(C:\Program Files\MiKTeX\tex/generic/pgf/utilities\pgfkeys.code.tex
\pgfkeys@pathtoks=\toks19
\pgfkeys@temptoks=\toks20

(C:\Program Files\MiKTeX\tex/generic/pgf/utilities\pgfkeyslibraryfiltered.code.
tex
\pgfkeys@tmptoks=\toks21
))) (C:\Program Files\MiKTeX\tex/generic/pgf/math\pgfmath.code.tex
(C:\Program Files\MiKTeX\tex/generic/pgf/math\pgfmathutil.code.tex
\pgf@x=\dimen166
\pgf@xa=\dimen167
\pgf@xb=\dimen168
\pgf@xc=\dimen169
\pgf@y=\dimen170
\pgf@ya=\dimen171
\pgf@yb=\dimen172
\pgf@yc=\dimen173
\c@pgf@counta=\count280
\c@pgf@countb=\count281
\c@pgf@countc=\count282
\c@pgf@countd=\count283
)
(C:\Program Files\MiKTeX\tex/generic/pgf/math\pgfmathparser.code.tex
\pgfmath@dimen=\dimen174
\pgfmath@count=\count284
\pgfmath@box=\box61
\pgfmath@toks=\toks22
\pgfmath@stack@operand=\toks23
\pgfmath@stack@operation=\toks24
)
(C:\Program Files\MiKTeX\tex/generic/pgf/math\pgfmathfunctions.code.tex)
(C:\Program Files\MiKTeX\tex/generic/pgf/math\pgfmathfunctions.basic.code.tex)
(C:\Program Files\MiKTeX\tex/generic/pgf/math\pgfmathfunctions.trigonometric.co
de.tex)
(C:\Program Files\MiKTeX\tex/generic/pgf/math\pgfmathfunctions.random.code.tex)

(C:\Program Files\MiKTeX\tex/generic/pgf/math\pgfmathfunctions.comparison.code.
tex)
(C:\Program Files\MiKTeX\tex/generic/pgf/math\pgfmathfunctions.base.code.tex)
(C:\Program Files\MiKTeX\tex/generic/pgf/math\pgfmathfunctions.round.code.tex)
(C:\Program Files\MiKTeX\tex/generic/pgf/math\pgfmathfunctions.misc.code.tex)
(C:\Program Files\MiKTeX\tex/generic/pgf/math\pgfmathfunctions.integerarithmeti
cs.code.tex) (C:\Program Files\MiKTeX\tex/generic/pgf/math\pgfmathcalc.code.tex
) (C:\Program Files\MiKTeX\tex/generic/pgf/math\pgfmathfloat.code.tex
\c@pgfmathroundto@lastzeros=\count285
)))
(C:\Program Files\MiKTeX\tex/latex/base\size11.clo
File: size11.clo 2022/07/02 v1.4n Standard LaTeX file (size option)
)
(C:\Program Files\MiKTeX\tex/latex/pgf/basiclayer\pgfcore.sty
(C:\Program Files\MiKTeX\tex/latex/graphics\graphicx.sty
Package: graphicx 2021/09/16 v1.2d Enhanced LaTeX Graphics (DPC,SPQR)

(C:\Program Files\MiKTeX\tex/latex/graphics\graphics.sty
Package: graphics 2022/03/10 v1.4e Standard LaTeX Graphics (DPC,SPQR)

(C:\Program Files\MiKTeX\tex/latex/graphics\trig.sty
Package: trig 2021/08/11 v1.11 sin cos tan (DPC)
)
(C:\Program Files\MiKTeX\tex/latex/graphics-cfg\graphics.cfg
File: graphics.cfg 2016/06/04 v1.11 sample graphics configuration
)
Package graphics Info: Driver file: pdftex.def on input line 107.

(C:\Program Files\MiKTeX\tex/latex/graphics-def\pdftex.def
File: pdftex.def 2022/09/22 v1.2b Graphics/color driver for pdftex
))
\Gin@req@height=\dimen175
\Gin@req@width=\dimen176
)
(C:\Program Files\MiKTeX\tex/latex/pgf/systemlayer\pgfsys.sty
(C:\Program Files\MiKTeX\tex/generic/pgf/systemlayer\pgfsys.code.tex
Package: pgfsys 2023-01-15 v3.1.10 (3.1.10)
\pgf@x=\dimen177
\pgf@y=\dimen178
\pgf@xa=\dimen179
\pgf@ya=\dimen180
\pgf@xb=\dimen181
\pgf@yb=\dimen182
\pgf@xc=\dimen183
\pgf@yc=\dimen184
\pgf@xd=\dimen185
\pgf@yd=\dimen186
\w@pgf@writea=\write3
\r@pgf@reada=\read2
\c@pgf@counta=\count286
\c@pgf@countb=\count287
\c@pgf@countc=\count288
\c@pgf@countd=\count289
\t@pgf@toka=\toks25
\t@pgf@tokb=\toks26
\t@pgf@tokc=\toks27
\pgf@sys@id@count=\count290

(C:\Program Files\MiKTeX\tex/generic/pgf/systemlayer\pgf.cfg
File: pgf.cfg 2023-01-15 v3.1.10 (3.1.10)
)
Driver file for pgf: pgfsys-pdftex.def

(C:\Program Files\MiKTeX\tex/generic/pgf/systemlayer\pgfsys-pdftex.def
File: pgfsys-pdftex.def 2023-01-15 v3.1.10 (3.1.10)

(C:\Program Files\MiKTeX\tex/generic/pgf/systemlayer\pgfsys-common-pdf.def
File: pgfsys-common-pdf.def 2023-01-15 v3.1.10 (3.1.10)
)))
(C:\Program Files\MiKTeX\tex/generic/pgf/systemlayer\pgfsyssoftpath.code.tex
File: pgfsyssoftpath.code.tex 2023-01-15 v3.1.10 (3.1.10)
\pgfsyssoftpath@smallbuffer@items=\count291
\pgfsyssoftpath@bigbuffer@items=\count292
)
(C:\Program Files\MiKTeX\tex/generic/pgf/systemlayer\pgfsysprotocol.code.tex
File: pgfsysprotocol.code.tex 2023-01-15 v3.1.10 (3.1.10)
))
(C:\Program Files\MiKTeX\tex/latex/xcolor\xcolor.sty
Package: xcolor 2022/06/12 v2.14 LaTeX color extensions (UK)

(C:\Program Files\MiKTeX\tex/latex/graphics-cfg\color.cfg
File: color.cfg 2016/01/02 v1.6 sample color configuration
)
Package xcolor Info: Driver file: pdftex.def on input line 227.

(C:\Program Files\MiKTeX\tex/latex/graphics\mathcolor.ltx)
Package xcolor Info: Model `cmy' substituted by `cmy0' on input line 1353.
Package xcolor Info: Model `hsb' substituted by `rgb' on input line 1357.
Package xcolor Info: Model `RGB' extended on input line 1369.
Package xcolor Info: Model `HTML' substituted by `rgb' on input line 1371.
Package xcolor Info: Model `Hsb' substituted by `hsb' on input line 1372.
Package xcolor Info: Model `tHsb' substituted by `hsb' on input line 1373.
Package xcolor Info: Model `HSB' substituted by `hsb' on input line 1374.
Package xcolor Info: Model `Gray' substituted by `gray' on input line 1375.
Package xcolor Info: Model `wave' substituted by `hsb' on input line 1376.
)
(C:\Program Files\MiKTeX\tex/generic/pgf/basiclayer\pgfcore.code.tex
Package: pgfcore 2023-01-15 v3.1.10 (3.1.10)

(C:\Program Files\MiKTeX\tex/generic/pgf/math\pgfint.code.tex)
(C:\Program Files\MiKTeX\tex/generic/pgf/basiclayer\pgfcorepoints.code.tex
File: pgfcorepoints.code.tex 2023-01-15 v3.1.10 (3.1.10)
\pgf@picminx=\dimen187
\pgf@picmaxx=\dimen188
\pgf@picminy=\dimen189
\pgf@picmaxy=\dimen190
\pgf@pathminx=\dimen191
\pgf@pathmaxx=\dimen192
\pgf@pathminy=\dimen193
\pgf@pathmaxy=\dimen194
\pgf@xx=\dimen195
\pgf@xy=\dimen196
\pgf@yx=\dimen197
\pgf@yy=\dimen198
\pgf@zx=\dimen199
\pgf@zy=\dimen256
)
(C:\Program Files\MiKTeX\tex/generic/pgf/basiclayer\pgfcorepathconstruct.code.t
ex
File: pgfcorepathconstruct.code.tex 2023-01-15 v3.1.10 (3.1.10)
\pgf@path@lastx=\dimen257
\pgf@path@lasty=\dimen258
)
(C:\Program Files\MiKTeX\tex/generic/pgf/basiclayer\pgfcorepathusage.code.tex
File: pgfcorepathusage.code.tex 2023-01-15 v3.1.10 (3.1.10)
\pgf@shorten@end@additional=\dimen259
\pgf@shorten@start@additional=\dimen260
)
(C:\Program Files\MiKTeX\tex/generic/pgf/basiclayer\pgfcorescopes.code.tex
File: pgfcorescopes.code.tex 2023-01-15 v3.1.10 (3.1.10)
\pgfpic=\box62
\pgf@hbox=\box63
\pgf@layerbox@main=\box64
\pgf@picture@serial@count=\count293
)
(C:\Program Files\MiKTeX\tex/generic/pgf/basiclayer\pgfcoregraphicstate.code.te
x
File: pgfcoregraphicstate.code.tex 2023-01-15 v3.1.10 (3.1.10)
\pgflinewidth=\dimen261
)
(C:\Program Files\MiKTeX\tex/generic/pgf/basiclayer\pgfcoretransformations.code
.tex
File: pgfcoretransformations.code.tex 2023-01-15 v3.1.10 (3.1.10)
\pgf@pt@x=\dimen262
\pgf@pt@y=\dimen263
\pgf@pt@temp=\dimen264
) (C:\Program Files\MiKTeX\tex/generic/pgf/basiclayer\pgfcorequick.code.tex
File: pgfcorequick.code.tex 2023-01-15 v3.1.10 (3.1.10)
) (C:\Program Files\MiKTeX\tex/generic/pgf/basiclayer\pgfcoreobjects.code.tex
File: pgfcoreobjects.code.tex 2023-01-15 v3.1.10 (3.1.10)
)
(C:\Program Files\MiKTeX\tex/generic/pgf/basiclayer\pgfcorepathprocessing.code.
tex
File: pgfcorepathprocessing.code.tex 2023-01-15 v3.1.10 (3.1.10)
) (C:\Program Files\MiKTeX\tex/generic/pgf/basiclayer\pgfcorearrows.code.tex
File: pgfcorearrows.code.tex 2023-01-15 v3.1.10 (3.1.10)
\pgfarrowsep=\dimen265
) (C:\Program Files\MiKTeX\tex/generic/pgf/basiclayer\pgfcoreshade.code.tex
File: pgfcoreshade.code.tex 2023-01-15 v3.1.10 (3.1.10)
\pgf@max=\dimen266
\pgf@sys@shading@range@num=\count294
\pgf@shadingcount=\count295
)
(C:\Program Files\MiKTeX\tex/generic/pgf/basiclayer\pgfcoreimage.code.tex
File: pgfcoreimage.code.tex 2023-01-15 v3.1.10 (3.1.10)
)
(C:\Program Files\MiKTeX\tex/generic/pgf/basiclayer\pgfcoreexternal.code.tex
File: pgfcoreexternal.code.tex 2023-01-15 v3.1.10 (3.1.10)
\pgfexternal@startupbox=\box65
)
(C:\Program Files\MiKTeX\tex/generic/pgf/basiclayer\pgfcorelayers.code.tex
File: pgfcorelayers.code.tex 2023-01-15 v3.1.10 (3.1.10)
)
(C:\Program Files\MiKTeX\tex/generic/pgf/basiclayer\pgfcoretransparency.code.te
x
File: pgfcoretransparency.code.tex 2023-01-15 v3.1.10 (3.1.10)
) (C:\Program Files\MiKTeX\tex/generic/pgf/basiclayer\pgfcorepatterns.code.tex
File: pgfcorepatterns.code.tex 2023-01-15 v3.1.10 (3.1.10)
) (C:\Program Files\MiKTeX\tex/generic/pgf/basiclayer\pgfcorerdf.code.tex
File: pgfcorerdf.code.tex 2023-01-15 v3.1.10 (3.1.10)
)))
(C:\Program Files\MiKTeX\tex/latex/pgf/utilities\xxcolor.sty
Package: xxcolor 2003/10/24 ver 0.1
\XC@nummixins=\count296
\XC@countmixins=\count297
)
(C:\Program Files\MiKTeX\tex/latex/base\atbegshi-ltx.sty
Package: atbegshi-ltx 2021/01/10 v1.0c Emulation of the original atbegshi
package with kernel methods
)
(C:\Program Files\MiKTeX\tex/latex/hyperref\hyperref.sty
Package: hyperref 2023-04-22 v7.00x Hypertext links for LaTeX

(C:\Program Files\MiKTeX\tex/generic/ltxcmds\ltxcmds.sty
Package: ltxcmds 2020-05-10 v1.25 LaTeX kernel commands for general use (HO)
)
(C:\Program Files\MiKTeX\tex/generic/pdftexcmds\pdftexcmds.sty
Package: pdftexcmds 2020-06-27 v0.33 Utility functions of pdfTeX for LuaTeX (HO
)

(C:\Program Files\MiKTeX\tex/generic/infwarerr\infwarerr.sty
Package: infwarerr 2019/12/03 v1.5 Providing info/warning/error messages (HO)
)
Package pdftexcmds Info: \pdf@primitive is available.
Package pdftexcmds Info: \pdf@ifprimitive is available.
Package pdftexcmds Info: \pdfdraftmode found.
)
(C:\Program Files\MiKTeX\tex/latex/kvsetkeys\kvsetkeys.sty
Package: kvsetkeys 2022-10-05 v1.19 Key value parser (HO)
)
(C:\Program Files\MiKTeX\tex/generic/kvdefinekeys\kvdefinekeys.sty
Package: kvdefinekeys 2019-12-19 v1.6 Define keys (HO)
)
(C:\Program Files\MiKTeX\tex/generic/pdfescape\pdfescape.sty
Package: pdfescape 2019/12/09 v1.15 Implements pdfTeX's escape features (HO)
)
(C:\Program Files\MiKTeX\tex/latex/hycolor\hycolor.sty
Package: hycolor 2020-01-27 v1.10 Color options for hyperref/bookmark (HO)
)
(C:\Program Files\MiKTeX\tex/latex/letltxmacro\letltxmacro.sty
Package: letltxmacro 2019/12/03 v1.6 Let assignment for LaTeX macros (HO)
)
(C:\Program Files\MiKTeX\tex/latex/auxhook\auxhook.sty
Package: auxhook 2019-12-17 v1.6 Hooks for auxiliary files (HO)
)
(C:\Program Files\MiKTeX\tex/latex/hyperref\nameref.sty
Package: nameref 2022-05-17 v2.50 Cross-referencing by name of section

(C:\Program Files\MiKTeX\tex/latex/refcount\refcount.sty
Package: refcount 2019/12/15 v3.6 Data extraction from label references (HO)
)
(C:\Program Files\MiKTeX\tex/generic/gettitlestring\gettitlestring.sty
Package: gettitlestring 2019/12/15 v1.6 Cleanup title references (HO)

(C:\Program Files\MiKTeX\tex/latex/kvoptions\kvoptions.sty
Package: kvoptions 2022-06-15 v3.15 Key value format for package options (HO)
))
\c@section@level=\count298
)
\@linkdim=\dimen267
\Hy@linkcounter=\count299
\Hy@pagecounter=\count300

(C:\Program Files\MiKTeX\tex/latex/hyperref\pd1enc.def
File: pd1enc.def 2023-04-22 v7.00x Hyperref: PDFDocEncoding definition (HO)
Now handling font encoding PD1 ...
... no UTF-8 mapping file for font encoding PD1
)
(C:\Program Files\MiKTeX\tex/generic/intcalc\intcalc.sty
Package: intcalc 2019/12/15 v1.3 Expandable calculations with integers (HO)
)
\Hy@SavedSpaceFactor=\count301

(C:\Program Files\MiKTeX\tex/latex/hyperref\puenc.def
File: puenc.def 2023-04-22 v7.00x Hyperref: PDF Unicode definition (HO)
Now handling font encoding PU ...
... no UTF-8 mapping file for font encoding PU
)
Package hyperref Info: Option `bookmarks' set `true' on input line 4065.
Package hyperref Info: Option `bookmarksopen' set `true' on input line 4065.
Package hyperref Info: Option `implicit' set `false' on input line 4065.
Package hyperref Info: Hyper figures OFF on input line 4182.
Package hyperref Info: Link nesting OFF on input line 4187.
Package hyperref Info: Hyper index ON on input line 4190.
Package hyperref Info: Plain pages OFF on input line 4197.
Package hyperref Info: Backreferencing OFF on input line 4202.
Package hyperref Info: Implicit mode OFF; no redefinition of LaTeX internals.
Package hyperref Info: Bookmarks ON on input line 4449.
\c@Hy@tempcnt=\count302

(C:\Program Files\MiKTeX\tex/latex/url\url.sty
\Urlmuskip=\muskip16
Package: url 2013/09/16  ver 3.4  Verb mode for urls, etc.
)
LaTeX Info: Redefining \url on input line 4787.
\XeTeXLinkMargin=\dimen268

(C:\Program Files\MiKTeX\tex/generic/bitset\bitset.sty
Package: bitset 2019/12/09 v1.3 Handle bit-vector datatype (HO)

(C:\Program Files\MiKTeX\tex/generic/bigintcalc\bigintcalc.sty
Package: bigintcalc 2019/12/15 v1.5 Expandable calculations on big integers (HO
)
))
\Fld@menulength=\count303
\Field@Width=\dimen269
\Fld@charsize=\dimen270
Package hyperref Info: Hyper figures OFF on input line 6066.
Package hyperref Info: Link nesting OFF on input line 6071.
Package hyperref Info: Hyper index ON on input line 6074.
Package hyperref Info: backreferencing OFF on input line 6081.
Package hyperref Info: Link coloring OFF on input line 6086.
Package hyperref Info: Link coloring with OCG OFF on input line 6091.
Package hyperref Info: PDF/A mode OFF on input line 6096.
\Hy@abspage=\count304


Package hyperref Message: Stopped early.

)
Package hyperref Info: Driver (autodetected): hpdftex.
 (C:\Program Files\MiKTeX\tex/latex/hyperref\hpdftex.def
File: hpdftex.def 2023-04-22 v7.00x Hyperref driver for pdfTeX

(C:\Program Files\MiKTeX\tex/latex/base\atveryend-ltx.sty
Package: atveryend-ltx 2020/08/19 v1.0a Emulation of the original atveryend pac
kage
with kernel methods
)
\Fld@listcount=\count305
\c@bookmark@seq@number=\count306

(C:\Program Files\MiKTeX\tex/latex/rerunfilecheck\rerunfilecheck.sty
Package: rerunfilecheck 2022-07-10 v1.10 Rerun checks for auxiliary files (HO)

(C:\Program Files\MiKTeX\tex/generic/uniquecounter\uniquecounter.sty
Package: uniquecounter 2019/12/15 v1.4 Provide unlimited unique counter (HO)
)
Package uniquecounter Info: New unique counter `rerunfilecheck' on input line 2
85.
))
(C:\Program Files\MiKTeX\tex/latex/beamer\beamerbaserequires.sty
(C:\Program Files\MiKTeX\tex/latex/beamer\beamerbasecompatibility.sty)
(C:\Program Files\MiKTeX\tex/latex/beamer\beamerbasefont.sty
(C:\Program Files\MiKTeX\tex/latex/amsfonts\amssymb.sty
Package: amssymb 2013/01/14 v3.01 AMS font symbols

(C:\Program Files\MiKTeX\tex/latex/amsfonts\amsfonts.sty
Package: amsfonts 2013/01/14 v3.01 Basic AMSFonts support
\@emptytoks=\toks28
\symAMSa=\mathgroup4
\symAMSb=\mathgroup5
LaTeX Font Info:    Redeclaring math symbol \hbar on input line 98.
LaTeX Font Info:    Overwriting math alphabet `\mathfrak' in version `bold'
(Font)                  U/euf/m/n --> U/euf/b/n on input line 106.
))
(C:\Program Files\MiKTeX\tex/latex/sansmathaccent\sansmathaccent.sty
Package: sansmathaccent 2020/01/31

(C:\Program Files\MiKTeX\tex/latex/koma-script\scrlfile.sty
Package: scrlfile 2023/07/07 v3.41 KOMA-Script package (file load hooks)

(C:\Program Files\MiKTeX\tex/latex/koma-script\scrlfile-hook.sty
Package: scrlfile-hook 2023/07/07 v3.41 KOMA-Script package (using LaTeX hooks)


(C:\Program Files\MiKTeX\tex/latex/koma-script\scrlogo.sty
Package: scrlogo 2023/07/07 v3.41 KOMA-Script package (logo)
)))))
(C:\Program Files\MiKTeX\tex/latex/beamer\beamerbasetranslator.sty
(C:\Program Files\MiKTeX\tex/latex/translator\translator.sty
Package: translator 2021-05-31 v1.12d Easy translation of strings in LaTeX
))
(C:\Program Files\MiKTeX\tex/latex/beamer\beamerbasemisc.sty)
(C:\Program Files\MiKTeX\tex/latex/beamer\beamerbasetwoscreens.sty)
(C:\Program Files\MiKTeX\tex/latex/beamer\beamerbaseoverlay.sty
\beamer@argscount=\count307
\beamer@lastskipcover=\skip51
\beamer@trivlistdepth=\count308
)
(C:\Program Files\MiKTeX\tex/latex/beamer\beamerbasetitle.sty)
(C:\Program Files\MiKTeX\tex/latex/beamer\beamerbasesection.sty
\c@lecture=\count309
\c@part=\count310
\c@section=\count311
\c@subsection=\count312
\c@subsubsection=\count313
)
(C:\Program Files\MiKTeX\tex/latex/beamer\beamerbaseframe.sty
\beamer@framebox=\box66
\beamer@frametitlebox=\box67
\beamer@zoombox=\box68
\beamer@zoomcount=\count314
\beamer@zoomframecount=\count315
\beamer@frametextheight=\dimen271
\c@subsectionslide=\count316
\beamer@frametopskip=\skip52
\beamer@framebottomskip=\skip53
\beamer@frametopskipautobreak=\skip54
\beamer@framebottomskipautobreak=\skip55
\beamer@envbody=\toks29
\framewidth=\dimen272
\c@framenumber=\count317
)
(C:\Program Files\MiKTeX\tex/latex/beamer\beamerbaseverbatim.sty
\beamer@verbatimfileout=\write4
)
(C:\Program Files\MiKTeX\tex/latex/beamer\beamerbaseframesize.sty
\beamer@splitbox=\box69
\beamer@autobreakcount=\count318
\beamer@autobreaklastheight=\dimen273
\beamer@frametitletoks=\toks30
\beamer@framesubtitletoks=\toks31
)
(C:\Program Files\MiKTeX\tex/latex/beamer\beamerbaseframecomponents.sty
\beamer@footins=\box70
)
(C:\Program Files\MiKTeX\tex/latex/beamer\beamerbasecolor.sty)
(C:\Program Files\MiKTeX\tex/latex/beamer\beamerbasenotes.sty
\beamer@frameboxcopy=\box71
)
(C:\Program Files\MiKTeX\tex/latex/beamer\beamerbasetoc.sty)
(C:\Program Files\MiKTeX\tex/latex/beamer\beamerbasetemplates.sty
\beamer@sbttoks=\toks32

(C:\Program Files\MiKTeX\tex/latex/beamer\beamerbaseauxtemplates.sty
(C:\Program Files\MiKTeX\tex/latex/beamer\beamerbaseboxes.sty
\bmb@box=\box72
\bmb@colorbox=\box73
\bmb@boxwidth=\dimen274
\bmb@boxheight=\dimen275
\bmb@prevheight=\dimen276
\bmb@temp=\dimen277
\bmb@dima=\dimen278
\bmb@dimb=\dimen279
\bmb@prevheight=\dimen280
)
\beamer@blockheadheight=\dimen281
))
(C:\Program Files\MiKTeX\tex/latex/beamer\beamerbaselocalstructure.sty
(C:\Program Files\MiKTeX\tex/latex/tools\enumerate.sty
Package: enumerate 2015/07/23 v3.00 enumerate extensions (DPC)
\@enLab=\toks33
)
\beamer@bibiconwidth=\skip56
\c@figure=\count319
\c@table=\count320
\abovecaptionskip=\skip57
\belowcaptionskip=\skip58
)
(C:\Program Files\MiKTeX\tex/latex/beamer\beamerbasenavigation.sty
(C:\Program Files\MiKTeX\tex/latex/beamer\beamerbasenavigationsymbols.tex)
\beamer@section@min@dim=\dimen282
)
(C:\Program Files\MiKTeX\tex/latex/beamer\beamerbasetheorems.sty
(C:\Program Files\MiKTeX\tex/latex/amsmath\amsmath.sty
Package: amsmath 2022/04/08 v2.17n AMS math features
\@mathmargin=\skip59

For additional information on amsmath, use the `?' option.
(C:\Program Files\MiKTeX\tex/latex/amsmath\amstext.sty
Package: amstext 2021/08/26 v2.01 AMS text

(C:\Program Files\MiKTeX\tex/latex/amsmath\amsgen.sty
File: amsgen.sty 1999/11/30 v2.0 generic functions
\@emptytoks=\toks34
\ex@=\dimen283
))
(C:\Program Files\MiKTeX\tex/latex/amsmath\amsbsy.sty
Package: amsbsy 1999/11/29 v1.2d Bold Symbols
\pmbraise@=\dimen284
)
(C:\Program Files\MiKTeX\tex/latex/amsmath\amsopn.sty
Package: amsopn 2022/04/08 v2.04 operator names
)
\inf@bad=\count321
LaTeX Info: Redefining \frac on input line 234.
\uproot@=\count322
\leftroot@=\count323
LaTeX Info: Redefining \overline on input line 399.
LaTeX Info: Redefining \colon on input line 410.
\classnum@=\count324
\DOTSCASE@=\count325
LaTeX Info: Redefining \ldots on input line 496.
LaTeX Info: Redefining \dots on input line 499.
LaTeX Info: Redefining \cdots on input line 620.
\Mathstrutbox@=\box74
\strutbox@=\box75
LaTeX Info: Redefining \big on input line 722.
LaTeX Info: Redefining \Big on input line 723.
LaTeX Info: Redefining \bigg on input line 724.
LaTeX Info: Redefining \Bigg on input line 725.
\big@size=\dimen285
LaTeX Font Info:    Redeclaring font encoding OML on input line 743.
LaTeX Font Info:    Redeclaring font encoding OMS on input line 744.
\macc@depth=\count326
LaTeX Info: Redefining \bmod on input line 905.
LaTeX Info: Redefining \pmod on input line 910.
LaTeX Info: Redefining \smash on input line 940.
LaTeX Info: Redefining \relbar on input line 970.
LaTeX Info: Redefining \Relbar on input line 971.
\c@MaxMatrixCols=\count327
\dotsspace@=\muskip17
\c@parentequation=\count328
\dspbrk@lvl=\count329
\tag@help=\toks35
\row@=\count330
\column@=\count331
\maxfields@=\count332
\andhelp@=\toks36
\eqnshift@=\dimen286
\alignsep@=\dimen287
\tagshift@=\dimen288
\tagwidth@=\dimen289
\totwidth@=\dimen290
\lineht@=\dimen291
\@envbody=\toks37
\multlinegap=\skip60
\multlinetaggap=\skip61
\mathdisplay@stack=\toks38
LaTeX Info: Redefining \[ on input line 2953.
LaTeX Info: Redefining \] on input line 2954.
)
(C:\Program Files\MiKTeX\tex/latex/amscls\amsthm.sty
Package: amsthm 2020/05/29 v2.20.6
\thm@style=\toks39
\thm@bodyfont=\toks40
\thm@headfont=\toks41
\thm@notefont=\toks42
\thm@headpunct=\toks43
\thm@preskip=\skip62
\thm@postskip=\skip63
\thm@headsep=\skip64
\dth@everypar=\toks44
)
\c@theorem=\count333
)
(C:\Program Files\MiKTeX\tex/latex/beamer\beamerbasethemes.sty))
(C:\Program Files\MiKTeX\tex/latex/beamer\beamerthemedefault.sty
(C:\Program Files\MiKTeX\tex/latex/beamer\beamerfontthemedefault.sty)
(C:\Program Files\MiKTeX\tex/latex/beamer\beamercolorthemedefault.sty)
(C:\Program Files\MiKTeX\tex/latex/beamer\beamerinnerthemedefault.sty
\beamer@dima=\dimen292
\beamer@dimb=\dimen293
)
(C:\Program Files\MiKTeX\tex/latex/beamer\beamerouterthemedefault.sty)))
(C:\Program Files\MiKTeX\tex/latex/beamer\beamerthemeCambridgeUS.sty
(C:\Program Files\MiKTeX\tex/latex/beamer\beamerinnerthemerounded.sty)
(C:\Program Files\MiKTeX\tex/latex/beamer\beamerouterthemeinfolines.sty)
(C:\Program Files\MiKTeX\tex/latex/beamer\beamercolorthemebeaver.sty))
(C:\Program Files\MiKTeX\tex/latex/base\inputenc.sty
Package: inputenc 2021/02/14 v1.3d Input encoding file
\inpenc@prehook=\toks45
\inpenc@posthook=\toks46

(C:\Program Files\MiKTeX\tex/latex/base\latin1.def
File: latin1.def 2021/02/14 v1.3d Input encoding file
))
(C:\Program Files\MiKTeX\tex/latex/graphics\epsfig.sty
Package: epsfig 2017/06/25 v1.7b (e)psfig emulation (SPQR)
\epsfxsize=\dimen294
\epsfysize=\dimen295
)
(C:\Program Files\MiKTeX\tex/latex/fancyhdr\fancyhdr.sty
Package: fancyhdr 2025/02/07 v5.2 Extensive control of page headers and footers

\f@nch@headwidth=\skip65
\f@nch@offset@elh=\skip66
\f@nch@offset@erh=\skip67
\f@nch@offset@olh=\skip68
\f@nch@offset@orh=\skip69
\f@nch@offset@elf=\skip70
\f@nch@offset@erf=\skip71
\f@nch@offset@olf=\skip72
\f@nch@offset@orf=\skip73
\f@nch@height=\skip74
\f@nch@footalignment=\skip75
\f@nch@widthL=\skip76
\f@nch@widthC=\skip77
\f@nch@widthR=\skip78
\@temptokenb=\toks47
)
(C:\Program Files\MiKTeX\tex/latex/psfrag\psfrag.sty
Package: psfrag 1998/04/11 v3.04 PSfrag (MCG)
\pfg@pcount=\count334
\pfg@scount=\count335
\pfg@temp=\write5
)
(C:\Program Files\MiKTeX\tex/latex/pstricks\pstricks.sty
Package: pstricks 2024/02/02 v0.75 LaTeX wrapper for `PSTricks' (RN,HV)

(C:\Program Files\MiKTeX\tex/generic/xkeyval\pst-xkey.tex
File: pst-xkey.tex 2005/11/25 v1.6 PSTricks specialization of xkeyval (HA)

(C:\Program Files\MiKTeX\tex/latex/xkeyval\xkeyval.sty
Package: xkeyval 2022/06/16 v2.9 package option processing (HA)

(C:\Program Files\MiKTeX\tex/generic/xkeyval\xkeyval.tex
(C:\Program Files\MiKTeX\tex/generic/xkeyval\xkvutils.tex
\XKV@toks=\toks48
\XKV@tempa@toks=\toks49
)
\XKV@depth=\count336
File: xkeyval.tex 2014/12/03 v2.7a key=value parser (HA)
)))
(C:\Program Files\MiKTeX\tex/generic/pstricks\pstricks.tex
(C:\Program Files\MiKTeX\tex/generic/pstricks\pst-fp.tex
`pst-fp' v0.06, 2020/11/20 (hv)
\pstFP@xs=\count337
\pstFP@xia=\count338
\pstFP@xib=\count339
\pstFP@xfa=\count340
\pstFP@xfb=\count341
\pstFP@rega=\count342
\pstFP@regb=\count343
\pstFP@regs=\count344
\pstFP@times=\count345
)
\psLoopIndex=\count346

`PSTricks' v3.21  <2024/11/16> (tvz,hv)
\pst@dima=\dimen296
\pst@dimb=\dimen297
\pst@dimc=\dimen298
\pst@dimd=\dimen299
\pst@dimg=\dimen300
\pst@dimh=\dimen301
\pst@dimm=\dimen302
\pst@dimn=\dimen303
\pst@dimo=\dimen304
\pst@dimp=\dimen305
\pst@hbox=\box76
\pst@ibox=\box77
\pst@boxg=\box78
\pst@cnta=\count347
\pst@cntb=\count348
\pst@cntc=\count349
\pst@cntd=\count350
\pst@cntg=\count351
\pst@cnth=\count352
\pst@cntm=\count353
\pst@cntn=\count354
\pst@cnto=\count355
\pst@cntp=\count356
\@zero=\count357
\pst@toks=\toks50
--- We are running latex or xelatex ---
(C:\Program Files\MiKTeX\tex/generic/pstricks\pstricks.con)
(C:\Program Files\MiKTeX\tex/generic/pstricks\pstricks-color.tex)
\psunit=\dimen306
\psxunit=\dimen307
\psyunit=\dimen308
\pst@C@@rType=\count358
\pslinewidth=\dimen309
\psk@startLW=\dimen310
\psk@endLW=\dimen311

(C:\Program Files\MiKTeX\tex/generic/pstricks\pstricks-arrows.tex
\pshooklength=\dimen312
\pshookwidth=\dimen313
)
\pst@customdefs=\toks51

(C:\Program Files\MiKTeX\tex/generic/pstricks\pstricks-dots.tex)
\pslinearc=\dimen314
\pst@symbolStep=\dimen315
\pst@symbolWidth=\dimen316
\pst@symbolLinewidth=\dimen317
\everypsbox=\toks52
\psframesep=\dimen318
\pslabelsep=\dimen319
\sh@wgridXunit=\dimen320
\sh@wgridYunit=\dimen321
\pst@shift=\dimen322
\ps@imagectr=\count359

(C:\Program Files\MiKTeX\tex/generic/pstricks\pstricks.con))
File: pstricks.tex 2024/11/16 v3.21 `PSTricks' (tvz,hv)

(C:\Program Files\MiKTeX\tex/generic/pstricks\pst-fp.tex
`pst-fp' v0.06, 2020/11/20 (hv))
File: pst-fp.tex 2020/11/20 v0.06 `PST-fp' (hv)
)
(C:\Program Files\MiKTeX\tex/latex/colortbl\colortbl.sty
Package: colortbl 2024/07/06 v1.0i Color table columns (DPC)

(C:\Program Files\MiKTeX\tex/latex/tools\array.sty
Package: array 2022/09/04 v2.5g Tabular extension package (FMi)
\col@sep=\dimen323
\ar@mcellbox=\box79
\extrarowheight=\dimen324
\NC@list=\toks53
\extratabsurround=\skip79
\backup@length=\skip80
\ar@cellbox=\box80
)
\everycr=\toks54
\minrowclearance=\skip81
\rownum=\count360
)
(C:\Program Files\MiKTeX\tex/latex/tools\longtable.sty
Package: longtable 2021-09-01 v4.17 Multi-page Table package (DPC)
\LTleft=\skip82
\LTright=\skip83
\LTpre=\skip84
\LTpost=\skip85
\LTchunksize=\count361
\LTcapwidth=\dimen325
\LT@head=\box81
\LT@firsthead=\box82
\LT@foot=\box83
\LT@lastfoot=\box84
\LT@gbox=\box85
\LT@cols=\count362
\LT@rows=\count363
\c@LT@tables=\count364
\c@LT@chunks=\count365
\LT@p@ftn=\toks55
)
(C:\Program Files\MiKTeX\tex/latex/subfigure\subfigure.sty
Package: subfigure 2002/07/30 v2.1.4 subfigure package
\subfigtopskip=\skip86
\subfigcapskip=\skip87
\subfigcaptopadj=\dimen326
\subfigbottomskip=\skip88
\subfigcapmargin=\dimen327
\subfiglabelskip=\skip89
\c@subfigure=\count366
\c@lofdepth=\count367
\c@subtable=\count368
\c@lotdepth=\count369

****************************************
* Local config file subfigure.cfg used *
****************************************
(C:\Program Files\MiKTeX\tex/latex/subfigure\subfigure.cfg)
\subfig@top=\skip90
\subfig@bottom=\skip91
)
(C:\Program Files\MiKTeX\tex/latex/beamer\multimedia.sty
Package: multimedia 2012/05/02 ver 0.02

(C:\Program Files\MiKTeX\tex/generic/iftex\ifpdf.sty
Package: ifpdf 2019/10/25 v3.4 ifpdf legacy package. Use iftex instead.
)
\mm@movie=\count370
)
(C:\Program Files\MiKTeX\tex/latex/fancybox\fancybox.sty
Package: fancybox 2010/05/15 1.4

Style option: `fancybox' v1.4 <2010/05/15> (tvz)
\@fancybox=\box86
\shadowsize=\dimen328
\@Sbox=\box87
\do@VerbBox=\toks56
\the@fancyput=\toks57
\this@fancyput=\toks58
\EndVerbatimTokens=\toks59
\Verbatim@Outfile=\write6
\Verbatim@Infile=\read3
) (C:\Program Files\MiKTeX\tex/latex/comment\comment.sty
\CommentStream=\write7

Excluding comment 'comment')
(C:\Program Files\MiKTeX\tex/latex/ragged2e\ragged2e.sty
Package: ragged2e 2023/04/04 v3.5 ragged2e Package
\CenteringLeftskip=\skip92
\RaggedLeftLeftskip=\skip93
\RaggedRightLeftskip=\skip94
\CenteringRightskip=\skip95
\RaggedLeftRightskip=\skip96
\RaggedRightRightskip=\skip97
\CenteringParfillskip=\skip98
\RaggedLeftParfillskip=\skip99
\RaggedRightParfillskip=\skip100
\JustifyingParfillskip=\skip101
\CenteringParindent=\skip102
\RaggedLeftParindent=\skip103
\RaggedRightParindent=\skip104
\JustifyingParindent=\skip105
)
(C:\Program Files\MiKTeX\tex/latex/beamer\beamerfontthemeserif.sty)
(C:\Program Files\MiKTeX\tex/latex/l3backend\l3backend-pdftex.def
File: l3backend-pdftex.def 2023-04-19 L3 backend support: PDF output (pdfTeX)
\l__color_backend_stack_int=\count371
\l__pdf_internal_box=\box88
)
(TC_tema_11.aux)
\openout1 = `TC_tema_11.aux'.

LaTeX Font Info:    Checking defaults for OML/cmm/m/it on input line 62.
LaTeX Font Info:    ... okay on input line 62.
LaTeX Font Info:    Checking defaults for OMS/cmsy/m/n on input line 62.
LaTeX Font Info:    ... okay on input line 62.
LaTeX Font Info:    Checking defaults for OT1/cmr/m/n on input line 62.
LaTeX Font Info:    ... okay on input line 62.
LaTeX Font Info:    Checking defaults for T1/cmr/m/n on input line 62.
LaTeX Font Info:    ... okay on input line 62.
LaTeX Font Info:    Checking defaults for TS1/cmr/m/n on input line 62.
LaTeX Font Info:    ... okay on input line 62.
LaTeX Font Info:    Checking defaults for OMX/cmex/m/n on input line 62.
LaTeX Font Info:    ... okay on input line 62.
LaTeX Font Info:    Checking defaults for U/cmr/m/n on input line 62.
LaTeX Font Info:    ... okay on input line 62.
LaTeX Font Info:    Checking defaults for PD1/pdf/m/n on input line 62.
LaTeX Font Info:    ... okay on input line 62.
LaTeX Font Info:    Checking defaults for PU/pdf/m/n on input line 62.
LaTeX Font Info:    ... okay on input line 62.

*geometry* driver: auto-detecting
*geometry* detected driver: pdftex
*geometry* verbose mode - [ preamble ] result:
* driver: pdftex
* paper: custom
* layout: <same size as paper>
* layoutoffset:(h,v)=(0.0pt,0.0pt)
* modes: includehead includefoot 
* h-part:(L,W,R)=(10.95003pt, 342.2953pt, 10.95003pt)
* v-part:(T,H,B)=(0.0pt, 273.14662pt, 0.0pt)
* \paperwidth=364.19536pt
* \paperheight=273.14662pt
* \textwidth=342.2953pt
* \textheight=244.6939pt
* \oddsidemargin=-61.31996pt
* \evensidemargin=-61.31996pt
* \topmargin=-72.26999pt
* \headheight=14.22636pt
* \headsep=0.0pt
* \topskip=11.0pt
* \footskip=14.22636pt
* \marginparwidth=4.0pt
* \marginparsep=10.0pt
* \columnsep=10.0pt
* \skip\footins=10.0pt plus 4.0pt minus 2.0pt
* \hoffset=0.0pt
* \voffset=0.0pt
* \mag=1000
* \@twocolumnfalse
* \@twosidefalse
* \@mparswitchfalse
* \@reversemarginfalse
* (1in=72.27pt=25.4mm, 1cm=28.453pt)

(C:\Program Files\MiKTeX\tex/context/base/mkii\supp-pdf.mkii
[Loading MPS to PDF converter (version 2006.09.02).]
\scratchcounter=\count372
\scratchdimen=\dimen329
\scratchbox=\box89
\nofMPsegments=\count373
\nofMParguments=\count374
\everyMPshowfont=\toks60
\MPscratchCnt=\count375
\MPscratchDim=\dimen330
\MPnumerator=\count376
\makeMPintoPDFobject=\count377
\everyMPtoPDFconversion=\toks61
) (C:\Program Files\MiKTeX\tex/latex/epstopdf-pkg\epstopdf-base.sty
Package: epstopdf-base 2020-01-24 v2.11 Base part for package epstopdf
Package epstopdf-base Info: Redefining graphics rule for `.eps' on input line 4
85.

(C:\Program Files\MiKTeX\tex/latex/00miktex\epstopdf-sys.cfg
File: epstopdf-sys.cfg 2021/03/18 v2.0 Configuration of epstopdf for MiKTeX
))
Package hyperref Info: Link coloring OFF on input line 62.
 (TC_tema_11.out) (TC_tema_11.out)
\@outlinefile=\write8
\openout8 = `TC_tema_11.out'.


(C:\Program Files\MiKTeX\tex/latex/translator\translator-basic-dictionary-Engli
sh.dict
Dictionary: translator-basic-dictionary, Language: English 
)
(C:\Program Files\MiKTeX\tex/latex/translator\translator-bibliography-dictionar
y-English.dict
Dictionary: translator-bibliography-dictionary, Language: English 
)
(C:\Program Files\MiKTeX\tex/latex/translator\translator-environment-dictionary
-English.dict
Dictionary: translator-environment-dictionary, Language: English 
)
(C:\Program Files\MiKTeX\tex/latex/translator\translator-months-dictionary-Engl
ish.dict
Dictionary: translator-months-dictionary, Language: English 
)
(C:\Program Files\MiKTeX\tex/latex/translator\translator-numbers-dictionary-Eng
lish.dict
Dictionary: translator-numbers-dictionary, Language: English 
)
(C:\Program Files\MiKTeX\tex/latex/translator\translator-theorem-dictionary-Eng
lish.dict
Dictionary: translator-theorem-dictionary, Language: English 
) (TC_tema_11.nav)

LaTeX Font Warning: Font shape `OT1/cmss/m/sc' in size <14.4> not available
(Font)              Font shape `OT1/cmr/m/sc' tried instead on input line 68.


LaTeX Font Warning: Font shape `OT1/cmss/m/sc' in size <10.95> not available
(Font)              Font shape `OT1/cmr/m/sc' tried instead on input line 68.

[1
Non-PDF special ignored!
<special> header=psfrag.pro
Non-PDF special ignored!
<special> header=pstricks.pro
Non-PDF special ignored!
<special> header=pst-algparser.pro
Non-PDF special ignored!
<special> header=pst-tools.pro
Non-PDF special ignored!
<special> header=pst-dots.pro

Non-PDF special ignored!
<special> ps: /pssetRGBcolor /setrgbcolor load def /pssetCMYKcolor /setcmyk...
Non-PDF special ignored!
<special> ps:tx@Dict begin  gsave STV CP T /ps@rot 0 def grestore  end
Non-PDF special ignored!
<special> ps:tx@Dict begin  gsave STV CP T /ps@refangle 0.  def grestore  e...
{C:/Users/migan/AppData/Local/MiKTeX/fonts/map/pdftex/pdftex.map}]
(TC_tema_11.toc) [2

] (TC_tema_11.toc) [3

]
Package epstopdf Info: Source file: <./figuras_tema_11/bobi_acop_nucleo_A_perfe
c.eps>
(epstopdf)                    date: 2025-01-06 17:47:54
(epstopdf)                    size: 50141 bytes
(epstopdf)             Output file: <./figuras_tema_11/bobi_acop_nucleo_A_perfe
c-eps-converted-to.pdf>
(epstopdf)                    date: 2025-05-18 13:06:26
(epstopdf)                    size: 19233 bytes
(epstopdf)             Command: <miktex-epstopdf --outfile=./figuras_tema_11/bo
bi_acop_nucleo_A_perfec-eps-converted-to.pdf ./figuras_tema_11/bobi_acop_nucleo
_A_perfec.eps>
(epstopdf)             \includegraphics on input line 119.
Package epstopdf Info: Output file is already uptodate.


pdfTeX warning: pdflatex.exe (file ./figuras_tema_11/bobi_acop_nucleo_A_perfec-
eps-converted-to.pdf): PDF inclusion: found PDF version <1.7>, but at most vers
ion <1.5> allowed
<./figuras_tema_11/bobi_acop_nucleo_A_perfec-eps-converted-to.pdf, id=83, 198.7
425pt x 106.3975pt>
File: ./figuras_tema_11/bobi_acop_nucleo_A_perfec-eps-converted-to.pdf Graphic 
file (type pdf)
<use ./figuras_tema_11/bobi_acop_nucleo_A_perfec-eps-converted-to.pdf>
Package pdftex.def Info: ./figuras_tema_11/bobi_acop_nucleo_A_perfec-eps-conver
ted-to.pdf  used on input line 119.
(pdftex.def)             Requested size: 132.87474pt x 71.13188pt.
LaTeX Font Info:    Trying to load font information for U+msa on input line 119
.
(C:\Program Files\MiKTeX\tex/latex/amsfonts\umsa.fd
File: umsa.fd 2013/01/14 v3.01 AMS symbols A
)
LaTeX Font Info:    Trying to load font information for U+msb on input line 119
.

(C:\Program Files\MiKTeX\tex/latex/amsfonts\umsb.fd
File: umsb.fd 2013/01/14 v3.01 AMS symbols B
)

Package amsmath Warning: Cannot use `split' here;
(amsmath)                trying to recover with `aligned' on input line 119.

[4

 <./figuras_tema_11/bobi_acop_nucleo_A_perfec-eps-converted-to.pdf>]
Package epstopdf Info: Source file: <./figuras_tema_11/T5_trafo1.eps>
(epstopdf)                    date: 2025-01-06 17:47:52
(epstopdf)                    size: 57906 bytes
(epstopdf)             Output file: <./figuras_tema_11/T5_trafo1-eps-converted-
to.pdf>
(epstopdf)                    date: 2025-05-18 13:09:04
(epstopdf)                    size: 22659 bytes
(epstopdf)             Command: <miktex-epstopdf --outfile=./figuras_tema_11/T5
_trafo1-eps-converted-to.pdf ./figuras_tema_11/T5_trafo1.eps>
(epstopdf)             \includegraphics on input line 163.
Package epstopdf Info: Output file is already uptodate.


pdfTeX warning: pdflatex.exe (file ./figuras_tema_11/T5_trafo1-eps-converted-to
.pdf): PDF inclusion: found PDF version <1.7>, but at most version <1.5> allowe
d
<./figuras_tema_11/T5_trafo1-eps-converted-to.pdf, id=105, 167.62625pt x 80.3pt
>
File: ./figuras_tema_11/T5_trafo1-eps-converted-to.pdf Graphic file (type pdf)
<use ./figuras_tema_11/T5_trafo1-eps-converted-to.pdf>
Package pdftex.def Info: ./figuras_tema_11/T5_trafo1-eps-converted-to.pdf  used
 on input line 163.
(pdftex.def)             Requested size: 118.79292pt x 56.9055pt.
Package epstopdf Info: Source file: <./figuras_tema_11/UI_trafo_ideal.eps>
(epstopdf)                    date: 2025-01-06 17:47:52
(epstopdf)                    size: 135591 bytes
(epstopdf)             Output file: <./figuras_tema_11/UI_trafo_ideal-eps-conve
rted-to.pdf>
(epstopdf)                    date: 2025-05-18 13:09:06
(epstopdf)                    size: 45086 bytes
(epstopdf)             Command: <miktex-epstopdf --outfile=./figuras_tema_11/UI
_trafo_ideal-eps-converted-to.pdf ./figuras_tema_11/UI_trafo_ideal.eps>
(epstopdf)             \includegraphics on input line 163.
Package epstopdf Info: Output file is already uptodate.


pdfTeX warning: pdflatex.exe (file ./figuras_tema_11/UI_trafo_ideal-eps-convert
ed-to.pdf): PDF inclusion: found PDF version <1.7>, but at most version <1.5> a
llowed
<./figuras_tema_11/UI_trafo_ideal-eps-converted-to.pdf, id=106, 350.30875pt x 1
39.52126pt>
File: ./figuras_tema_11/UI_trafo_ideal-eps-converted-to.pdf Graphic file (type 
pdf)
<use ./figuras_tema_11/UI_trafo_ideal-eps-converted-to.pdf>
Package pdftex.def Info: ./figuras_tema_11/UI_trafo_ideal-eps-converted-to.pdf 
 used on input line 163.
(pdftex.def)             Requested size: 250.04123pt x 99.58464pt.

Overfull \vbox (10.99837pt too high) detected at line 163
 []

[5

 <./figuras_tema_11/T5_trafo1-eps-converted-to.pdf> <./figuras_tema_11/UI_trafo
_ideal-eps-converted-to.pdf>]
Package epstopdf Info: Source file: <./figuras_tema_11/T5_trafo1.eps>
(epstopdf)                    date: 2025-01-06 17:47:52
(epstopdf)                    size: 57906 bytes
(epstopdf)             Output file: <./figuras_tema_11/T5_trafo1-eps-converted-
to.pdf>
(epstopdf)                    date: 2025-05-18 13:09:04
(epstopdf)                    size: 22659 bytes
(epstopdf)             Command: <miktex-epstopdf --outfile=./figuras_tema_11/T5
_trafo1-eps-converted-to.pdf ./figuras_tema_11/T5_trafo1.eps>
(epstopdf)             \includegraphics on input line 196.
Package epstopdf Info: Output file is already uptodate.
File: ./figuras_tema_11/T5_trafo1-eps-converted-to.pdf Graphic file (type pdf)
<use ./figuras_tema_11/T5_trafo1-eps-converted-to.pdf>
Package pdftex.def Info: ./figuras_tema_11/T5_trafo1-eps-converted-to.pdf  used
 on input line 196.
(pdftex.def)             Requested size: 148.49117pt x 71.13188pt.
Package epstopdf Info: Source file: <./figuras_tema_11/T5_trafo2.eps>
(epstopdf)                    date: 2025-01-06 17:47:52
(epstopdf)                    size: 57827 bytes
(epstopdf)             Output file: <./figuras_tema_11/T5_trafo2-eps-converted-
to.pdf>
(epstopdf)                    date: 2025-05-18 13:13:10
(epstopdf)                    size: 22712 bytes
(epstopdf)             Command: <miktex-epstopdf --outfile=./figuras_tema_11/T5
_trafo2-eps-converted-to.pdf ./figuras_tema_11/T5_trafo2.eps>
(epstopdf)             \includegraphics on input line 196.
Package epstopdf Info: Output file is already uptodate.


pdfTeX warning: pdflatex.exe (file ./figuras_tema_11/T5_trafo2-eps-converted-to
.pdf): PDF inclusion: found PDF version <1.7>, but at most version <1.5> allowe
d
<./figuras_tema_11/T5_trafo2-eps-converted-to.pdf, id=133, 171.64125pt x 83.311
25pt>
File: ./figuras_tema_11/T5_trafo2-eps-converted-to.pdf Graphic file (type pdf)
<use ./figuras_tema_11/T5_trafo2-eps-converted-to.pdf>
Package pdftex.def Info: ./figuras_tema_11/T5_trafo2-eps-converted-to.pdf  used
 on input line 196.
(pdftex.def)             Requested size: 117.2409pt x 56.9055pt.

Overfull \hbox (31.88264pt too wide) in paragraph at lines 196--196
 [][] 
 []

[6

 <./figuras_tema_11/T5_trafo2-eps-converted-to.pdf>]
Package epstopdf Info: Source file: <./figuras_tema_11/trafo1.eps>
(epstopdf)                    date: 2025-01-06 17:47:54
(epstopdf)                    size: 229886 bytes
(epstopdf)             Output file: <./figuras_tema_11/trafo1-eps-converted-to.
pdf>
(epstopdf)                    date: 2025-05-18 13:14:17
(epstopdf)                    size: 29791 bytes
(epstopdf)             Command: <miktex-epstopdf --outfile=./figuras_tema_11/tr
afo1-eps-converted-to.pdf ./figuras_tema_11/trafo1.eps>
(epstopdf)             \includegraphics on input line 218.
Package epstopdf Info: Output file is already uptodate.


pdfTeX warning: pdflatex.exe (file ./figuras_tema_11/trafo1-eps-converted-to.pd
f): PDF inclusion: found PDF version <1.7>, but at most version <1.5> allowed
<./figuras_tema_11/trafo1-eps-converted-to.pdf, id=153, 200.75pt x 181.67876pt>

File: ./figuras_tema_11/trafo1-eps-converted-to.pdf Graphic file (type pdf)
<use ./figuras_tema_11/trafo1-eps-converted-to.pdf>
Package pdftex.def Info: ./figuras_tema_11/trafo1-eps-converted-to.pdf  used on
 input line 218.
(pdftex.def)             Requested size: 110.03912pt x 99.58464pt.
Package epstopdf Info: Source file: <./figuras_tema_11/trafo2.eps>
(epstopdf)                    date: 2025-01-06 17:47:54
(epstopdf)                    size: 488549 bytes
(epstopdf)             Output file: <./figuras_tema_11/trafo2-eps-converted-to.
pdf>
(epstopdf)                    date: 2025-05-18 13:14:18
(epstopdf)                    size: 77287 bytes
(epstopdf)             Command: <miktex-epstopdf --outfile=./figuras_tema_11/tr
afo2-eps-converted-to.pdf ./figuras_tema_11/trafo2.eps>
(epstopdf)             \includegraphics on input line 218.
Package epstopdf Info: Output file is already uptodate.


pdfTeX warning: pdflatex.exe (file ./figuras_tema_11/trafo2-eps-converted-to.pd
f): PDF inclusion: found PDF version <1.7>, but at most version <1.5> allowed
<./figuras_tema_11/trafo2-eps-converted-to.pdf, id=154, 669.50125pt x 407.5225p
t>
File: ./figuras_tema_11/trafo2-eps-converted-to.pdf Graphic file (type pdf)
<use ./figuras_tema_11/trafo2-eps-converted-to.pdf>
Package pdftex.def Info: ./figuras_tema_11/trafo2-eps-converted-to.pdf  used on
 input line 218.
(pdftex.def)             Requested size: 163.60529pt x 99.58464pt.
Package epstopdf Info: Source file: <./figuras_tema_11/trafo3.eps>
(epstopdf)                    date: 2025-01-06 17:47:54
(epstopdf)                    size: 1074080 bytes
(epstopdf)             Output file: <./figuras_tema_11/trafo3-eps-converted-to.
pdf>
(epstopdf)                    date: 2025-05-18 13:14:20
(epstopdf)                    size: 120685 bytes
(epstopdf)             Command: <miktex-epstopdf --outfile=./figuras_tema_11/tr
afo3-eps-converted-to.pdf ./figuras_tema_11/trafo3.eps>
(epstopdf)             \includegraphics on input line 218.
Package epstopdf Info: Output file is already uptodate.


pdfTeX warning: pdflatex.exe (file ./figuras_tema_11/trafo3-eps-converted-to.pd
f): PDF inclusion: found PDF version <1.7>, but at most version <1.5> allowed
<./figuras_tema_11/trafo3-eps-converted-to.pdf, id=155, 241.90375pt x 297.11pt>

File: ./figuras_tema_11/trafo3-eps-converted-to.pdf Graphic file (type pdf)
<use ./figuras_tema_11/trafo3-eps-converted-to.pdf>
Package pdftex.def Info: ./figuras_tema_11/trafo3-eps-converted-to.pdf  used on
 input line 218.
(pdftex.def)             Requested size: 69.49695pt x 85.35826pt.
Package epstopdf Info: Source file: <./figuras_tema_11/trafo4.eps>
(epstopdf)                    date: 2025-01-06 17:47:54
(epstopdf)                    size: 121577 bytes
(epstopdf)             Output file: <./figuras_tema_11/trafo4-eps-converted-to.
pdf>
(epstopdf)                    date: 2025-05-18 13:14:21
(epstopdf)                    size: 18371 bytes
(epstopdf)             Command: <miktex-epstopdf --outfile=./figuras_tema_11/tr
afo4-eps-converted-to.pdf ./figuras_tema_11/trafo4.eps>
(epstopdf)             \includegraphics on input line 218.
Package epstopdf Info: Output file is already uptodate.


pdfTeX warning: pdflatex.exe (file ./figuras_tema_11/trafo4-eps-converted-to.pd
f): PDF inclusion: found PDF version <1.7>, but at most version <1.5> allowed
<./figuras_tema_11/trafo4-eps-converted-to.pdf, id=156, 286.06876pt x 178.6675p
t>
File: ./figuras_tema_11/trafo4-eps-converted-to.pdf Graphic file (type pdf)
<use ./figuras_tema_11/trafo4-eps-converted-to.pdf>
Package pdftex.def Info: ./figuras_tema_11/trafo4-eps-converted-to.pdf  used on
 input line 218.
(pdftex.def)             Requested size: 136.66977pt x 85.35826pt.
Package epstopdf Info: Source file: <./figuras_tema_11/trafostoroidales.eps>
(epstopdf)                    date: 2025-01-06 17:47:56
(epstopdf)                    size: 381112 bytes
(epstopdf)             Output file: <./figuras_tema_11/trafostoroidales-eps-con
verted-to.pdf>
(epstopdf)                    date: 2025-05-18 13:14:23
(epstopdf)                    size: 47824 bytes
(epstopdf)             Command: <miktex-epstopdf --outfile=./figuras_tema_11/tr
afostoroidales-eps-converted-to.pdf ./figuras_tema_11/trafostoroidales.eps>
(epstopdf)             \includegraphics on input line 218.
Package epstopdf Info: Output file is already uptodate.


pdfTeX warning: pdflatex.exe (file ./figuras_tema_11/trafostoroidales-eps-conve
rted-to.pdf): PDF inclusion: found PDF version <1.7>, but at most version <1.5>
 allowed
<./figuras_tema_11/trafostoroidales-eps-converted-to.pdf, id=157, 530.98375pt x
 386.44376pt>
File: ./figuras_tema_11/trafostoroidales-eps-converted-to.pdf Graphic file (typ
e pdf)
<use ./figuras_tema_11/trafostoroidales-eps-converted-to.pdf>
Package pdftex.def Info: ./figuras_tema_11/trafostoroidales-eps-converted-to.pd
f  used on input line 218.
(pdftex.def)             Requested size: 117.2786pt x 85.35826pt.
[7

 <./figuras_tema_11/trafo1-eps-converted-to.pdf> <./figuras_tema_11/trafo2-eps-
converted-to.pdf> <./figuras_tema_11/trafo3-eps-converted-to.pdf> <./figuras_te
ma_11/trafo4-eps-converted-to.pdf> <./figuras_tema_11/trafostoroidales-eps-conv
erted-to.pdf>]
Package epstopdf Info: Source file: <./figuras_tema_11/adaptacion.eps>
(epstopdf)                    date: 2025-01-06 17:47:54
(epstopdf)                    size: 121713 bytes
(epstopdf)             Output file: <./figuras_tema_11/adaptacion-eps-converted
-to.pdf>
(epstopdf)                    date: 2025-05-18 13:14:25
(epstopdf)                    size: 36731 bytes
(epstopdf)             Command: <miktex-epstopdf --outfile=./figuras_tema_11/ad
aptacion-eps-converted-to.pdf ./figuras_tema_11/adaptacion.eps>
(epstopdf)             \includegraphics on input line 249.
Package epstopdf Info: Output file is already uptodate.


pdfTeX warning: pdflatex.exe (file ./figuras_tema_11/adaptacion-eps-converted-t
o.pdf): PDF inclusion: found PDF version <1.7>, but at most version <1.5> allow
ed
<./figuras_tema_11/adaptacion-eps-converted-to.pdf, id=183, 416.55624pt x 101.3
7875pt>
File: ./figuras_tema_11/adaptacion-eps-converted-to.pdf Graphic file (type pdf)

<use ./figuras_tema_11/adaptacion-eps-converted-to.pdf>
Package pdftex.def Info: ./figuras_tema_11/adaptacion-eps-converted-to.pdf  use
d on input line 249.
(pdftex.def)             Requested size: 233.82288pt x 56.9055pt.

Overfull \vbox (10.08235pt too high) detected at line 249
 []

[8

 <./figuras_tema_11/adaptacion-eps-converted-to.pdf>] (TC_tema_11.toc)
[9

]
Underfull \hbox (badness 5203) in paragraph at lines 275--275
[]\OT1/cmss/m/n/10.95 Pueden us-arse tanto tres trans-
 []


Underfull \hbox (badness 3989) in paragraph at lines 275--275
\OT1/cmss/m/n/10.95 for-madores monof^^Sasicos (uno por
 []

<./figuras_tema_11/esquema_trafo_3f.PNG, id=210, 146.34676pt x 99.9735pt>
File: ./figuras_tema_11/esquema_trafo_3f.PNG Graphic file (type png)
<use ./figuras_tema_11/esquema_trafo_3f.PNG>
Package pdftex.def Info: ./figuras_tema_11/esquema_trafo_3f.PNG  used on input 
line 275.
(pdftex.def)             Requested size: 85.35826pt x 58.3111pt.
<./figuras_tema_11/esquema_trafo_3f_2.PNG, id=212, 287.27325pt x 136.71075pt>
File: ./figuras_tema_11/esquema_trafo_3f_2.PNG Graphic file (type png)
<use ./figuras_tema_11/esquema_trafo_3f_2.PNG>
Package pdftex.def Info: ./figuras_tema_11/esquema_trafo_3f_2.PNG  used on inpu
t line 275.
(pdftex.def)             Requested size: 171.14764pt x 81.44923pt.
[10

 <./figuras_tema_11/esquema_trafo_3f.PNG> <./figuras_tema_11/esquema_trafo_3f_2
.PNG>]
Package epstopdf Info: Source file: <./figuras_tema_11/trafos_3.eps>
(epstopdf)                    date: 2024-12-16 12:08:06
(epstopdf)                    size: 2413282 bytes
(epstopdf)             Output file: <./figuras_tema_11/trafos_3-eps-converted-t
o.pdf>
(epstopdf)                    date: 2025-05-19 23:14:56
(epstopdf)                    size: 1715200 bytes
(epstopdf)             Command: <miktex-epstopdf --outfile=./figuras_tema_11/tr
afos_3-eps-converted-to.pdf ./figuras_tema_11/trafos_3.eps>
(epstopdf)             \includegraphics on input line 281.
Package epstopdf Info: Output file is already uptodate.


pdfTeX warning: pdflatex.exe (file ./figuras_tema_11/trafos_3-eps-converted-to.
pdf): PDF inclusion: found PDF version <1.7>, but at most version <1.5> allowed

<./figuras_tema_11/trafos_3-eps-converted-to.pdf, id=224, 575.14874pt x 449.68p
t>
File: ./figuras_tema_11/trafos_3-eps-converted-to.pdf Graphic file (type pdf)
<use ./figuras_tema_11/trafos_3-eps-converted-to.pdf>
Package pdftex.def Info: ./figuras_tema_11/trafos_3-eps-converted-to.pdf  used 
on input line 281.
(pdftex.def)             Requested size: 254.74245pt x 199.16928pt.
[11

 <./figuras_tema_11/trafos_3-eps-converted-to.pdf>] [12

] (TC_tema_11.toc)
[13

]
Package epstopdf Info: Source file: <./figuras_tema_11/alternador_elemental.eps
>
(epstopdf)                    date: 2025-01-06 17:47:56
(epstopdf)                    size: 44283 bytes
(epstopdf)             Output file: <./figuras_tema_11/alternador_elemental-eps
-converted-to.pdf>
(epstopdf)                    date: 2025-05-19 22:52:37
(epstopdf)                    size: 17107 bytes
(epstopdf)             Command: <miktex-epstopdf --outfile=./figuras_tema_11/al
ternador_elemental-eps-converted-to.pdf ./figuras_tema_11/alternador_elemental.
eps>
(epstopdf)             \includegraphics on input line 327.
Package epstopdf Info: Output file is already uptodate.


pdfTeX warning: pdflatex.exe (file ./figuras_tema_11/alternador_elemental-eps-c
onverted-to.pdf): PDF inclusion: found PDF version <1.7>, but at most version <
1.5> allowed
<./figuras_tema_11/alternador_elemental-eps-converted-to.pdf, id=269, 225.84375
pt x 116.435pt>
File: ./figuras_tema_11/alternador_elemental-eps-converted-to.pdf Graphic file 
(type pdf)
<use ./figuras_tema_11/alternador_elemental-eps-converted-to.pdf>
Package pdftex.def Info: ./figuras_tema_11/alternador_elemental-eps-converted-t
o.pdf  used on input line 327.
(pdftex.def)             Requested size: 165.571pt x 85.35826pt.
[14

 <./figuras_tema_11/alternador_elemental-eps-converted-to.pdf>]
Package epstopdf Info: Source file: <./figuras_tema_11/inductor_movil.eps>
(epstopdf)                    date: 2025-01-06 17:47:56
(epstopdf)                    size: 64897 bytes
(epstopdf)             Output file: <./figuras_tema_11/inductor_movil-eps-conve
rted-to.pdf>
(epstopdf)                    date: 2025-05-19 22:54:22
(epstopdf)                    size: 23046 bytes
(epstopdf)             Command: <miktex-epstopdf --outfile=./figuras_tema_11/in
ductor_movil-eps-converted-to.pdf ./figuras_tema_11/inductor_movil.eps>
(epstopdf)             \includegraphics on input line 339.
Package epstopdf Info: Output file is already uptodate.


pdfTeX warning: pdflatex.exe (file ./figuras_tema_11/inductor_movil-eps-convert
ed-to.pdf): PDF inclusion: found PDF version <1.7>, but at most version <1.5> a
llowed
<./figuras_tema_11/inductor_movil-eps-converted-to.pdf, id=285, 392.46625pt x 2
80.04625pt>
File: ./figuras_tema_11/inductor_movil-eps-converted-to.pdf Graphic file (type 
pdf)
<use ./figuras_tema_11/inductor_movil-eps-converted-to.pdf>
Package pdftex.def Info: ./figuras_tema_11/inductor_movil-eps-converted-to.pdf 
 used on input line 339.
(pdftex.def)             Requested size: 259.19618pt x 184.9429pt.
[15

 <./figuras_tema_11/inductor_movil-eps-converted-to.pdf>]
Package epstopdf Info: Source file: <./figuras_tema_11/m3_p1.eps>
(epstopdf)                    date: 2025-01-06 17:47:56
(epstopdf)                    size: 21556 bytes
(epstopdf)             Output file: <./figuras_tema_11/m3_p1-eps-converted-to.p
df>
(epstopdf)                    date: 2025-05-19 22:54:23
(epstopdf)                    size: 8632 bytes
(epstopdf)             Command: <miktex-epstopdf --outfile=./figuras_tema_11/m3
_p1-eps-converted-to.pdf ./figuras_tema_11/m3_p1.eps>
(epstopdf)             \includegraphics on input line 390.
Package epstopdf Info: Output file is already uptodate.


pdfTeX warning: pdflatex.exe (file ./figuras_tema_11/m3_p1-eps-converted-to.pdf
): PDF inclusion: found PDF version <1.7>, but at most version <1.5> allowed
<./figuras_tema_11/m3_p1-eps-converted-to.pdf, id=297, 142.5325pt x 141.52875pt
>
File: ./figuras_tema_11/m3_p1-eps-converted-to.pdf Graphic file (type pdf)
<use ./figuras_tema_11/m3_p1-eps-converted-to.pdf>
Package pdftex.def Info: ./figuras_tema_11/m3_p1-eps-converted-to.pdf  used on 
input line 390.
(pdftex.def)             Requested size: 106.0248pt x 105.2751pt.

Package amsmath Warning: Cannot use `split' here;
(amsmath)                trying to recover with `aligned' on input line 390.

[16

 <./figuras_tema_11/m3_p1-eps-converted-to.pdf>] [17

]
Package epstopdf Info: Source file: <./figuras_tema_11/gener_sist_trif.eps>
(epstopdf)                    date: 2025-01-06 17:47:56
(epstopdf)                    size: 288038 bytes
(epstopdf)             Output file: <./figuras_tema_11/gener_sist_trif-eps-conv
erted-to.pdf>
(epstopdf)                    date: 2025-05-19 22:57:39
(epstopdf)                    size: 97497 bytes
(epstopdf)             Command: <miktex-epstopdf --outfile=./figuras_tema_11/ge
ner_sist_trif-eps-converted-to.pdf ./figuras_tema_11/gener_sist_trif.eps>
(epstopdf)             \includegraphics on input line 417.
Package epstopdf Info: Output file is already uptodate.


pdfTeX warning: pdflatex.exe (file ./figuras_tema_11/gener_sist_trif-eps-conver
ted-to.pdf): PDF inclusion: found PDF version <1.7>, but at most version <1.5> 
allowed
<./figuras_tema_11/gener_sist_trif-eps-converted-to.pdf, id=321, 374.39874pt x 
265.99374pt>
File: ./figuras_tema_11/gener_sist_trif-eps-converted-to.pdf Graphic file (type
 pdf)
<use ./figuras_tema_11/gener_sist_trif-eps-converted-to.pdf>
Package pdftex.def Info: ./figuras_tema_11/gener_sist_trif-eps-converted-to.pdf
  used on input line 417.
(pdftex.def)             Requested size: 280.34705pt x 199.16928pt.
[18

 <./figuras_tema_11/gener_sist_trif-eps-converted-to.pdf>]
<./figuras_tema_11/alternador_hidraulico.PNG, id=338, 428.19975pt x 283.65974pt
>
File: ./figuras_tema_11/alternador_hidraulico.PNG Graphic file (type png)
<use ./figuras_tema_11/alternador_hidraulico.PNG>
Package pdftex.def Info: ./figuras_tema_11/alternador_hidraulico.PNG  used on i
nput line 423.
(pdftex.def)             Requested size: 273.83728pt x 181.40742pt.
 [19

 <./figuras_tema_11/alternador_hidraulico.PNG>] [20

]
\tf@nav=\write9
\openout9 = `TC_tema_11.nav'.

\tf@toc=\write10
\openout10 = `TC_tema_11.toc'.

\tf@snm=\write11
\openout11 = `TC_tema_11.snm'.

 (TC_tema_11.aux)
Package rerunfilecheck Info: File `TC_tema_11.out' has not changed.
(rerunfilecheck)             Checksum: EB52ECF7DACF6AC78988663D1ADE326E;695.
 ) 
Here is how much of TeX's memory you used:
 25587 strings out of 476361
 496513 string characters out of 5797861
 1868993 words of memory out of 5000000
 45376 multiletter control sequences out of 15000+600000
 521997 words of font info for 69 fonts, out of 8000000 for 9000
 1141 hyphenation exceptions out of 8191
 128i,21n,122p,487b,928s stack positions out of 10000i,1000n,20000p,200000b,200000s
<C:/Program Files/MiKTeX/fonts/type1/public/amsfonts/cm/cmcsc10.pfb><C:/Progr
am Files/MiKTeX/fonts/type1/public/amsfonts/cm/cmex10.pfb><C:/Program Files/MiK
TeX/fonts/type1/public/amsfonts/cm/cmmi10.pfb><C:/Program Files/MiKTeX/fonts/ty
pe1/public/amsfonts/cm/cmmi6.pfb><C:/Program Files/MiKTeX/fonts/type1/public/am
sfonts/cm/cmmi7.pfb><C:/Program Files/MiKTeX/fonts/type1/public/amsfonts/cm/cmm
i8.pfb><C:/Program Files/MiKTeX/fonts/type1/public/amsfonts/cm/cmr10.pfb><C:/Pr
ogram Files/MiKTeX/fonts/type1/public/amsfonts/cm/cmr7.pfb><C:/Program Files/Mi
KTeX/fonts/type1/public/amsfonts/cm/cmr8.pfb><C:/Program Files/MiKTeX/fonts/typ
e1/public/amsfonts/cm/cmss10.pfb><C:/Program Files/MiKTeX/fonts/type1/public/am
sfonts/cm/cmss12.pfb><C:/Program Files/MiKTeX/fonts/type1/public/amsfonts/cm/cm
ss8.pfb><C:/Program Files/MiKTeX/fonts/type1/public/amsfonts/cm/cmssbx10.pfb><C
:/Program Files/MiKTeX/fonts/type1/public/amsfonts/cm/cmssi10.pfb><C:/Program F
iles/MiKTeX/fonts/type1/public/amsfonts/cm/cmsy10.pfb><C:/Program Files/MiKTeX/
fonts/type1/public/amsfonts/cm/cmsy7.pfb>
Output written on TC_tema_11.pdf (20 pages, 3322639 bytes).
PDF statistics:
 436 PDF objects out of 1000 (max. 8388607)
 44 named destinations out of 1000 (max. 500000)
 215 words of extra memory for PDF output out of 10000 (max. 10000000)

